Archive member included because of file (symbol)

./mbed/TARGET_K64F/TOOLCHAIN_GCC_ARM/libmbed.a(fsl_phy_driver.o)
                              EthernetInterface/lwip-eth/arch/TARGET_Freescale/k64f_emac.o (phy_get_link_speed)
./mbed/TARGET_K64F/TOOLCHAIN_GCC_ARM/libmbed.a(fsl_enet_irq.o)
                              EthernetInterface/lwip-eth/arch/TARGET_Freescale/k64f_emac.o (enetIntMap)
./mbed/TARGET_K64F/TOOLCHAIN_GCC_ARM/libmbed.a(fsl_clock_manager.o)
                              EthernetInterface/lwip-eth/arch/TARGET_Freescale/fsl_enet_driver.o (CLOCK_SYS_GetFreq)
./mbed/TARGET_K64F/TOOLCHAIN_GCC_ARM/libmbed.a(fsl_enet_hal.o)
                              EthernetInterface/lwip-eth/arch/TARGET_Freescale/fsl_enet_driver.o (enet_hal_set_mac_address)
./mbed/TARGET_K64F/TOOLCHAIN_GCC_ARM/libmbed.a(fsl_gpio_hal.o)
                              main.o (GPIO_HAL_WritePinOutput)
./mbed/TARGET_K64F/TOOLCHAIN_GCC_ARM/libmbed.a(fsl_mcg_hal.o)
                              ./mbed/TARGET_K64F/TOOLCHAIN_GCC_ARM/libmbed.a(fsl_clock_manager.o) (CLOCK_HAL_GetFllRefClk)
./mbed/TARGET_K64F/TOOLCHAIN_GCC_ARM/libmbed.a(fsl_os_abstraction_mbed.o)
                              EthernetInterface/lwip-eth/arch/TARGET_Freescale/fsl_enet_driver.o (time_delay)
./mbed/TARGET_K64F/TOOLCHAIN_GCC_ARM/libmbed.a(fsl_sim_hal.o)
                              EthernetInterface/lwip-eth/arch/TARGET_Freescale/hardware_init_MK64F12.o (CLOCK_HAL_SetSource)
./mbed/TARGET_K64F/TOOLCHAIN_GCC_ARM/libmbed.a(fsl_sim_hal_K64F12.o)
                              EthernetInterface/lwip-eth/arch/TARGET_Freescale/hardware_init_MK64F12.o (SIM_HAL_EnablePortClock)
./mbed/TARGET_K64F/TOOLCHAIN_GCC_ARM/libmbed.a(analogin_api.o)
                              main.o (analogin_init)
./mbed/TARGET_K64F/TOOLCHAIN_GCC_ARM/libmbed.a(serial_api.o)
                              mbed/TARGET_K64F/TOOLCHAIN_GCC_ARM/retarget.o (serial_init)
./mbed/TARGET_K64F/TOOLCHAIN_GCC_ARM/libmbed.a(us_ticker.o)
                              EthernetInterface/lwip-sys/arch/sys_arch.o (us_ticker_read)
./mbed/TARGET_K64F/TOOLCHAIN_GCC_ARM/libmbed.a(FunctionPointer.o)
                              main.o (mbed::FunctionPointer::FunctionPointer(void (*)()))
./mbed/TARGET_K64F/TOOLCHAIN_GCC_ARM/libmbed.a(FilePath.o)
                              mbed/TARGET_K64F/TOOLCHAIN_GCC_ARM/retarget.o (mbed::FilePath::FilePath(char const*))
./mbed/TARGET_K64F/TOOLCHAIN_GCC_ARM/libmbed.a(FileBase.o)
                              ./mbed/TARGET_K64F/TOOLCHAIN_GCC_ARM/libmbed.a(FilePath.o) (mbed::FileBase::lookup(char const*, unsigned int))
./mbed/TARGET_K64F/TOOLCHAIN_GCC_ARM/libmbed.a(FileSystemLike.o)
                              mbed/TARGET_K64F/TOOLCHAIN_GCC_ARM/retarget.o (mbed::FileSystemLike::opendir())
./mbed/TARGET_K64F/TOOLCHAIN_GCC_ARM/libmbed.a(Ticker.o)
                              main.o (mbed::Ticker::detach())
./mbed/TARGET_K64F/TOOLCHAIN_GCC_ARM/libmbed.a(TimerEvent.o)
                              main.o (mbed::TimerEvent::TimerEvent())
./mbed/TARGET_K64F/TOOLCHAIN_GCC_ARM/libmbed.a(Serial.o)
                              main.o (mbed::Serial::Serial(PinName, PinName, char const*))
./mbed/TARGET_K64F/TOOLCHAIN_GCC_ARM/libmbed.a(SerialBase.o)
                              ./mbed/TARGET_K64F/TOOLCHAIN_GCC_ARM/libmbed.a(Serial.o) (mbed::SerialBase::SerialBase(PinName, PinName))
./mbed/TARGET_K64F/TOOLCHAIN_GCC_ARM/libmbed.a(Stream.o)
                              ./mbed/TARGET_K64F/TOOLCHAIN_GCC_ARM/libmbed.a(Serial.o) (mbed::Stream::close())
./mbed/TARGET_K64F/TOOLCHAIN_GCC_ARM/libmbed.a(Timer.o)
                              main.o (mbed::Timer::start())
./mbed/TARGET_K64F/TOOLCHAIN_GCC_ARM/libmbed.a(error.o)
                              EthernetInterface/lwip-sys/arch/sys_arch.o (error)
./mbed/TARGET_K64F/TOOLCHAIN_GCC_ARM/libmbed.a(pinmap_common.o)
                              ./mbed/TARGET_K64F/TOOLCHAIN_GCC_ARM/libmbed.a(analogin_api.o) (pinmap_pinout)
./mbed/TARGET_K64F/TOOLCHAIN_GCC_ARM/libmbed.a(assert.o)
                              mbed/TARGET_K64F/TOOLCHAIN_GCC_ARM/board.o (mbed_assert_internal)
./mbed/TARGET_K64F/TOOLCHAIN_GCC_ARM/libmbed.a(exit.o)
                              /usr/bin/../lib/gcc/arm-none-eabi/4.9.3/../../../../arm-none-eabi/lib/armv7e-m/softfp/crt0.o (exit)
./mbed/TARGET_K64F/TOOLCHAIN_GCC_ARM/libmbed.a(wait_api.o)
                              ./mbed/TARGET_K64F/TOOLCHAIN_GCC_ARM/libmbed.a(SerialBase.o) (wait_us)
./mbed/TARGET_K64F/TOOLCHAIN_GCC_ARM/libmbed.a(us_ticker_api.o)
                              ./mbed/TARGET_K64F/TOOLCHAIN_GCC_ARM/libmbed.a(TimerEvent.o) (us_ticker_set_handler)
./mbed/TARGET_K64F/TOOLCHAIN_GCC_ARM/libmbed.a(gpio.o)
                              mbed/TARGET_K64F/TOOLCHAIN_GCC_ARM/mbed_overrides.o (gpio_init_in)
./mbed/TARGET_K64F/TOOLCHAIN_GCC_ARM/libmbed.a(fsl_adc_hal.o)
                              ./mbed/TARGET_K64F/TOOLCHAIN_GCC_ARM/libmbed.a(analogin_api.o) (ADC_HAL_Init)
[...]
Memory Configuration

Name             Origin             Length             Attributes
VECTORS          0x0000000000000000 0x0000000000000400 xr
FLASH_PROTECTION 0x0000000000000400 0x0000000000000010 xr
FLASH            0x0000000000000410 0x00000000000ffbf0 xr
RAM              0x000000001fff0198 0x000000000003fe68 xrw
*default*        0x0000000000000000 0xffffffffffffffff

Linker script and memory map

LOAD /usr/bin/../lib/gcc/arm-none-eabi/4.9.3/armv7e-m/softfp/crti.o
LOAD /usr/bin/../lib/gcc/arm-none-eabi/4.9.3/armv7e-m/softfp/crtbegin.o
LOAD /usr/bin/../lib/gcc/arm-none-eabi/4.9.3/../../../../arm-none-eabi/lib/armv7e-m/softfp/crt0.o
LOAD mbed-rtos/rtx/TARGET_CORTEX_M/TARGET_M4/TOOLCHAIN_GCC/HAL_CM4.o
LOAD mbed-rtos/rtx/TARGET_CORTEX_M/TARGET_M4/TOOLCHAIN_GCC/SVC_Table.o
LOAD EthernetInterface/lwip/core/mem.o
LOAD EthernetInterface/lwip/core/tcp.o
LOAD EthernetInterface/lwip/core/netif.o
LOAD EthernetInterface/lwip/core/tcp_in.o
LOAD EthernetInterface/lwip/core/dhcp.o
LOAD EthernetInterface/lwip/core/memp.o
LOAD EthernetInterface/lwip/core/tcp_out.o
LOAD EthernetInterface/lwip/core/udp.o
LOAD EthernetInterface/lwip/core/def.o
LOAD EthernetInterface/lwip/core/stats.o
LOAD EthernetInterface/lwip/core/dns.o
LOAD EthernetInterface/lwip/core/raw.o
LOAD EthernetInterface/lwip/core/timers.o
LOAD EthernetInterface/lwip/core/pbuf.o
LOAD EthernetInterface/lwip/core/init.o
LOAD EthernetInterface/lwip/core/ipv4/igmp.o
LOAD EthernetInterface/lwip/core/ipv4/ip_frag.o
LOAD EthernetInterface/lwip/core/ipv4/autoip.o
LOAD EthernetInterface/lwip/core/ipv4/inet.o
LOAD EthernetInterface/lwip/core/ipv4/icmp.o
LOAD EthernetInterface/lwip/core/ipv4/ip_addr.o
LOAD EthernetInterface/lwip/core/ipv4/inet_chksum.o
LOAD EthernetInterface/lwip/core/ipv4/ip.o
LOAD EthernetInterface/lwip/core/snmp/msg_in.o
LOAD EthernetInterface/lwip/core/snmp/asn1_enc.o
LOAD EthernetInterface/lwip/core/snmp/mib_structs.o
LOAD EthernetInterface/lwip/core/snmp/asn1_dec.o
LOAD EthernetInterface/lwip/core/snmp/mib2.o
LOAD EthernetInterface/lwip/core/snmp/msg_out.o
LOAD EthernetInterface/lwip/api/netifapi.o
LOAD EthernetInterface/lwip/api/sockets.o
LOAD EthernetInterface/lwip/api/netbuf.o
LOAD EthernetInterface/lwip/api/netdb.o
LOAD EthernetInterface/lwip/api/api_lib.o
LOAD EthernetInterface/lwip/api/err.o
LOAD EthernetInterface/lwip/api/api_msg.o
LOAD EthernetInterface/lwip/api/tcpip.o
LOAD EthernetInterface/lwip/netif/etharp.o
LOAD EthernetInterface/lwip/netif/slipif.o
LOAD EthernetInterface/lwip/netif/ethernetif.o
LOAD EthernetInterface/lwip/netif/ppp/auth.o
LOAD EthernetInterface/lwip/netif/ppp/pap.o
LOAD EthernetInterface/lwip/netif/ppp/randm.o
LOAD EthernetInterface/lwip/netif/ppp/md5.o
LOAD EthernetInterface/lwip/netif/ppp/lcp.o
LOAD EthernetInterface/lwip/netif/ppp/magic.o
LOAD EthernetInterface/lwip/netif/ppp/chap.o
LOAD EthernetInterface/lwip/netif/ppp/ppp.o
LOAD EthernetInterface/lwip/netif/ppp/ppp_oe.o
LOAD EthernetInterface/lwip/netif/ppp/ipcp.o
LOAD EthernetInterface/lwip/netif/ppp/vj.o
LOAD EthernetInterface/lwip/netif/ppp/fsm.o
LOAD EthernetInterface/lwip/netif/ppp/chpms.o
LOAD EthernetInterface/lwip-sys/arch/sys_arch.o
LOAD EthernetInterface/lwip-sys/arch/checksum.o
LOAD EthernetInterface/lwip-sys/arch/memcpy.o
LOAD EthernetInterface/lwip-eth/arch/TARGET_Freescale/fsl_enet_driver.o
LOAD EthernetInterface/lwip-eth/arch/TARGET_Freescale/k64f_emac.o
LOAD EthernetInterface/lwip-eth/arch/TARGET_Freescale/hardware_init_MK64F12.o
LOAD mbed-rtos/rtx/TARGET_CORTEX_M/rt_Semaphore.o
LOAD mbed-rtos/rtx/TARGET_CORTEX_M/rt_Event.o
LOAD mbed-rtos/rtx/TARGET_CORTEX_M/rt_List.o
LOAD mbed-rtos/rtx/TARGET_CORTEX_M/rt_Mutex.o
LOAD mbed-rtos/rtx/TARGET_CORTEX_M/HAL_CM.o
LOAD mbed-rtos/rtx/TARGET_CORTEX_M/rt_Task.o
LOAD mbed-rtos/rtx/TARGET_CORTEX_M/rt_CMSIS.o
LOAD mbed-rtos/rtx/TARGET_CORTEX_M/rt_System.o
LOAD mbed-rtos/rtx/TARGET_CORTEX_M/rt_Time.o
LOAD mbed-rtos/rtx/TARGET_CORTEX_M/rt_MemBox.o
LOAD mbed-rtos/rtx/TARGET_CORTEX_M/rt_Robin.o
LOAD mbed-rtos/rtx/TARGET_CORTEX_M/RTX_Conf_CM.o
LOAD mbed-rtos/rtx/TARGET_CORTEX_M/rt_Mailbox.o
LOAD main.o
LOAD EthernetInterface/EthernetInterface.o
LOAD EthernetInterface/Socket/Endpoint.o
LOAD EthernetInterface/Socket/TCPSocketServer.o
LOAD EthernetInterface/Socket/UDPSocket.o
LOAD EthernetInterface/Socket/Socket.o
LOAD EthernetInterface/Socket/TCPSocketConnection.o
LOAD mbed-rtos/rtos/Thread.o
LOAD mbed-rtos/rtos/Semaphore.o
LOAD mbed-rtos/rtos/Mutex.o
LOAD mbed-rtos/rtos/RtosTimer.o
LOAD mbed/TARGET_K64F/TOOLCHAIN_GCC_ARM/retarget.o
LOAD mbed/TARGET_K64F/TOOLCHAIN_GCC_ARM/board.o
LOAD mbed/TARGET_K64F/TOOLCHAIN_GCC_ARM/cmsis_nvic.o
LOAD mbed/TARGET_K64F/TOOLCHAIN_GCC_ARM/mbed_overrides.o
LOAD mbed/TARGET_K64F/TOOLCHAIN_GCC_ARM/startup_MK64F12.o
LOAD mbed/TARGET_K64F/TOOLCHAIN_GCC_ARM/system_MK64F12.o
LOAD ./mbed/TARGET_K64F/TOOLCHAIN_GCC_ARM/libmbed.a
LOAD /usr/bin/../lib/gcc/arm-none-eabi/4.9.3/../../../../arm-none-eabi/lib/armv7e-m/softfp/libstdc++_nano.a
LOAD /usr/bin/../lib/gcc/arm-none-eabi/4.9.3/../../../../arm-none-eabi/lib/armv7e-m/softfp/libsupc++_nano.a
LOAD /usr/bin/../lib/gcc/arm-none-eabi/4.9.3/../../../../arm-none-eabi/lib/armv7e-m/softfp/libm.a
LOAD /usr/bin/../lib/gcc/arm-none-eabi/4.9.3/../../../../arm-none-eabi/lib/armv7e-m/softfp/libc_nano.a
LOAD /usr/bin/../lib/gcc/arm-none-eabi/4.9.3/armv7e-m/softfp/libgcc.a
LOAD /usr/bin/../lib/gcc/arm-none-eabi/4.9.3/../../../../arm-none-eabi/lib/armv7e-m/softfp/libnosys.a
LOAD ./mbed/TARGET_K64F/TOOLCHAIN_GCC_ARM/libmbed.a
LOAD /usr/bin/../lib/gcc/arm-none-eabi/4.9.3/../../../../arm-none-eabi/lib/armv7e-m/softfp/libstdc++_nano.a
LOAD /usr/bin/../lib/gcc/arm-none-eabi/4.9.3/../../../../arm-none-eabi/lib/armv7e-m/softfp/libsupc++_nano.a
LOAD /usr/bin/../lib/gcc/arm-none-eabi/4.9.3/../../../../arm-none-eabi/lib/armv7e-m/softfp/libm.a
LOAD /usr/bin/../lib/gcc/arm-none-eabi/4.9.3/../../../../arm-none-eabi/lib/armv7e-m/softfp/libc_nano.a
LOAD /usr/bin/../lib/gcc/arm-none-eabi/4.9.3/armv7e-m/softfp/libgcc.a
LOAD /usr/bin/../lib/gcc/arm-none-eabi/4.9.3/../../../../arm-none-eabi/lib/armv7e-m/softfp/libnosys.a
START GROUP
LOAD /usr/bin/../lib/gcc/arm-none-eabi/4.9.3/armv7e-m/softfp/libgcc.a
LOAD /usr/bin/../lib/gcc/arm-none-eabi/4.9.3/../../../../arm-none-eabi/lib/armv7e-m/softfp/libc_nano.a
END GROUP
START GROUP
LOAD /usr/bin/../lib/gcc/arm-none-eabi/4.9.3/armv7e-m/softfp/libgcc.a
LOAD /usr/bin/../lib/gcc/arm-none-eabi/4.9.3/../../../../arm-none-eabi/lib/armv7e-m/softfp/libc_nano.a
END GROUP
LOAD /usr/bin/../lib/gcc/arm-none-eabi/4.9.3/armv7e-m/softfp/crtend.o
LOAD /usr/bin/../lib/gcc/arm-none-eabi/4.9.3/armv7e-m/softfp/crtn.o

.isr_vector     0x0000000000000000      0x1f0
                0x0000000000000000                __vector_table = .
 *(.vector_table)
 .vector_table  0x0000000000000000      0x198 mbed/TARGET_K64F/TOOLCHAIN_GCC_ARM/startup_MK64F12.o
                0x0000000000000000                __isr_vector
 *(.text.Reset_Handler)
 .text.Reset_Handler
                0x0000000000000198       0x58 mbed/TARGET_K64F/TOOLCHAIN_GCC_ARM/startup_MK64F12.o
                0x0000000000000198                Reset_Handler
 *(.text.System_Init)
                0x00000000000001f0                . = ALIGN (0x4)

.flash_protect  0x0000000000000400       0x10
 *(.kinetis_flash_config_field)
 .kinetis_flash_config_field
                0x0000000000000400       0x10 mbed/TARGET_K64F/TOOLCHAIN_GCC_ARM/startup_MK64F12.o
                0x0000000000000410                . = ALIGN (0x4)

.text           0x0000000000000410     0xa550
 *(.text*)
 .text          0x0000000000000410       0x5c /usr/bin/../lib/gcc/arm-none-eabi/4.9.3/armv7e-m/softfp/crtbegin.o
 .text          0x000000000000046c       0x74 /usr/bin/../lib/gcc/arm-none-eabi/4.9.3/../../../../arm-none-eabi/lib/armv7e-m/softfp/crt0.o
                0x000000000000046c                _mainCRTStartup
                0x000000000000046c                _start
 .text          0x00000000000004e0      0x180 mbed-rtos/rtx/TARGET_CORTEX_M/TARGET_M4/TOOLCHAIN_GCC/HAL_CM4.o
                0x00000000000004e0                rt_set_PSP
                0x00000000000004e6                rt_get_PSP
                0x00000000000004ec                os_set_env
                0x0000000000000504                _alloc_box
                0x0000000000000520                _free_box
                0x000000000000053c                SVC_Handler
                0x00000000000005d0                PendSV_Handler
                0x00000000000005d6                Sys_Switch
                0x0000000000000630                SysTick_Handler
                0x000000000000063a                OS_Tick_Handler
 .text.sys_sem_signal
                0x0000000000000660       0x14 EthernetInterface/lwip-sys/arch/sys_arch.o
                0x0000000000000660                sys_sem_signal
 .text.enet_mac_rx_isr
                0x0000000000000674       0x14 EthernetInterface/lwip-eth/arch/TARGET_Freescale/k64f_emac.o
                0x0000000000000674                enet_mac_rx_isr
 .text.enet_mac_tx_isr
                0x0000000000000688       0x14 EthernetInterface/lwip-eth/arch/TARGET_Freescale/k64f_emac.o
                0x0000000000000688                enet_mac_tx_isr
 .text.ENET_Transmit_IRQHandler
                0x000000000000069c        0xc EthernetInterface/lwip-eth/arch/TARGET_Freescale/k64f_emac.o
                0x000000000000069c                ENET_Transmit_IRQHandler
 .text.ENET_Receive_IRQHandler
                0x00000000000006a8        0xc EthernetInterface/lwip-eth/arch/TARGET_Freescale/k64f_emac.o
                0x00000000000006a8                ENET_Receive_IRQHandler
 .text.rt_sem_init
                0x00000000000006b4        0xc mbed-rtos/rtx/TARGET_CORTEX_M/rt_Semaphore.o
                0x00000000000006b4                rt_sem_init
 .text.rt_sem_delete
                0x00000000000006c0       0x5c mbed-rtos/rtx/TARGET_CORTEX_M/rt_Semaphore.o
                0x00000000000006c0                rt_sem_delete
 .text.rt_sem_send
                0x000000000000071c       0x2a mbed-rtos/rtx/TARGET_CORTEX_M/rt_Semaphore.o
                0x000000000000071c                rt_sem_send
 .text.isr_sem_send
                0x0000000000000746       0x10 mbed-rtos/rtx/TARGET_CORTEX_M/rt_Semaphore.o
                0x0000000000000746                isr_sem_send
 *fill*         0x0000000000000756        0x2 
 .text.rt_sem_psh
                0x0000000000000758       0x34 mbed-rtos/rtx/TARGET_CORTEX_M/rt_Semaphore.o
                0x0000000000000758                rt_sem_psh
 .text.rt_evt_psh
                0x000000000000078c       0x54 mbed-rtos/rtx/TARGET_CORTEX_M/rt_Event.o
                0x000000000000078c                rt_evt_psh
 .text.rt_put_prio
                0x00000000000007e0       0x30 mbed-rtos/rtx/TARGET_CORTEX_M/rt_List.o
                0x00000000000007e0                rt_put_prio
 .text.rt_get_first
                0x0000000000000810       0x22 mbed-rtos/rtx/TARGET_CORTEX_M/rt_List.o
                0x0000000000000810                rt_get_first
 *fill*         0x0000000000000832        0x2 
 .text.rt_put_rdy_first
                0x0000000000000834       0x14 mbed-rtos/rtx/TARGET_CORTEX_M/rt_List.o
                0x0000000000000834                rt_put_rdy_first
 .text.rt_put_dly
                0x0000000000000848       0x4c mbed-rtos/rtx/TARGET_CORTEX_M/rt_List.o
                0x0000000000000848                rt_put_dly
 .text.rt_dec_dly
                0x0000000000000894       0x74 mbed-rtos/rtx/TARGET_CORTEX_M/rt_List.o
                0x0000000000000894                rt_dec_dly
 .text.rt_rmv_list
                0x0000000000000908       0x2c mbed-rtos/rtx/TARGET_CORTEX_M/rt_List.o
                0x0000000000000908                rt_rmv_list
 .text.rt_resort_prio
                0x0000000000000934       0x34 mbed-rtos/rtx/TARGET_CORTEX_M/rt_List.o
                0x0000000000000934                rt_resort_prio
 .text.rt_rmv_dly
                0x0000000000000968       0x26 mbed-rtos/rtx/TARGET_CORTEX_M/rt_List.o
                0x0000000000000968                rt_rmv_dly
 *fill*         0x000000000000098e        0x2 
 .text.rt_psq_enq
                0x0000000000000990       0x40 mbed-rtos/rtx/TARGET_CORTEX_M/rt_List.o
                0x0000000000000990                rt_psq_enq
 .text.rt_init_stack
                0x00000000000009d0       0x4c mbed-rtos/rtx/TARGET_CORTEX_M/HAL_CM.o
                0x00000000000009d0                rt_init_stack
 .text.rt_ret_val
                0x0000000000000a1c       0x12 mbed-rtos/rtx/TARGET_CORTEX_M/HAL_CM.o
                0x0000000000000a1c                rt_ret_val
 .text.rt_ret_val2
                0x0000000000000a2e       0x16 mbed-rtos/rtx/TARGET_CORTEX_M/HAL_CM.o
                0x0000000000000a2e                rt_ret_val2
 .text.rt_dispatch.part.0
                0x0000000000000a44       0x1c mbed-rtos/rtx/TARGET_CORTEX_M/rt_Task.o
 .text.rt_get_TID
                0x0000000000000a60       0x24 mbed-rtos/rtx/TARGET_CORTEX_M/rt_Task.o
                0x0000000000000a60                rt_get_TID
 .text.rt_init_context
                0x0000000000000a84       0x2a mbed-rtos/rtx/TARGET_CORTEX_M/rt_Task.o
                0x0000000000000a84                rt_init_context
 *fill*         0x0000000000000aae        0x2 
 .text.rt_switch_req
                0x0000000000000ab0       0x10 mbed-rtos/rtx/TARGET_CORTEX_M/rt_Task.o
                0x0000000000000ab0                rt_switch_req
 .text.rt_dispatch
                0x0000000000000ac0       0x44 mbed-rtos/rtx/TARGET_CORTEX_M/rt_Task.o
                0x0000000000000ac0                rt_dispatch
 .text.rt_block
                0x0000000000000b04       0x34 mbed-rtos/rtx/TARGET_CORTEX_M/rt_Task.o
                0x0000000000000b04                rt_block
 .text.rt_tsk_self
                0x0000000000000b38       0x10 mbed-rtos/rtx/TARGET_CORTEX_M/rt_Task.o
                0x0000000000000b38                rt_tsk_self
 .text.rt_tsk_prio
                0x0000000000000b48       0x74 mbed-rtos/rtx/TARGET_CORTEX_M/rt_Task.o
                0x0000000000000b48                rt_tsk_prio
 .text.rt_tsk_delete
                0x0000000000000bbc       0x70 mbed-rtos/rtx/TARGET_CORTEX_M/rt_Task.o
                0x0000000000000bbc                rt_tsk_delete
 .text.rt_sys_init
                0x0000000000000c2c       0xdc mbed-rtos/rtx/TARGET_CORTEX_M/rt_Task.o
                0x0000000000000c2c                rt_sys_init
 .text.rt_sys_start
                0x0000000000000d08       0x3c mbed-rtos/rtx/TARGET_CORTEX_M/rt_Task.o
                0x0000000000000d08                rt_sys_start
 .text.rt_tid2ptcb
                0x0000000000000d44       0x14 mbed-rtos/rtx/TARGET_CORTEX_M/rt_CMSIS.o
 .text.osThreadExit
                0x0000000000000d58       0x18 mbed-rtos/rtx/TARGET_CORTEX_M/rt_CMSIS.o
                0x0000000000000d58                osThreadExit
 .text.rt_timer_insert
                0x0000000000000d70       0x34 mbed-rtos/rtx/TARGET_CORTEX_M/rt_CMSIS.o
 .text.rt_ms2tick
                0x0000000000000da4       0x3c mbed-rtos/rtx/TARGET_CORTEX_M/rt_CMSIS.o
 .text.svcKernelInitialize
                0x0000000000000de0       0x2c mbed-rtos/rtx/TARGET_CORTEX_M/rt_CMSIS.o
                0x0000000000000de0                svcKernelInitialize
 .text.osKernelInitialize
                0x0000000000000e0c       0x28 mbed-rtos/rtx/TARGET_CORTEX_M/rt_CMSIS.o
                0x0000000000000e0c                osKernelInitialize
 .text.osKernelStart
                0x0000000000000e34       0x6c mbed-rtos/rtx/TARGET_CORTEX_M/rt_CMSIS.o
                0x0000000000000e34                osKernelStart
 .text.svcThreadCreate
                0x0000000000000ea0       0x64 mbed-rtos/rtx/TARGET_CORTEX_M/rt_CMSIS.o
                0x0000000000000ea0                svcThreadCreate
 .text.svcThreadGetId
                0x0000000000000f04       0x18 mbed-rtos/rtx/TARGET_CORTEX_M/rt_CMSIS.o
                0x0000000000000f04                svcThreadGetId
 .text.svcThreadTerminate
                0x0000000000000f1c       0x1c mbed-rtos/rtx/TARGET_CORTEX_M/rt_CMSIS.o
                0x0000000000000f1c                svcThreadTerminate
 .text.osThreadCreate
                0x0000000000000f38       0x3c mbed-rtos/rtx/TARGET_CORTEX_M/rt_CMSIS.o
                0x0000000000000f38                osThreadCreate
 .text.svcTimerCall
                0x0000000000000f74       0x1a mbed-rtos/rtx/TARGET_CORTEX_M/rt_CMSIS.o
                0x0000000000000f74                svcTimerCall
 *fill*         0x0000000000000f8e        0x2 
 .text.sysTimerTick
                0x0000000000000f90       0x58 mbed-rtos/rtx/TARGET_CORTEX_M/rt_CMSIS.o
                0x0000000000000f90                sysTimerTick
 .text.osTimerCall
                0x0000000000000fe8       0x18 mbed-rtos/rtx/TARGET_CORTEX_M/rt_CMSIS.o
                0x0000000000000fe8                osTimerCall
 .text.svcSemaphoreCreate
                0x0000000000001000       0x30 mbed-rtos/rtx/TARGET_CORTEX_M/rt_CMSIS.o
                0x0000000000001000                svcSemaphoreCreate
 .text.svcSemaphoreRelease
                0x0000000000001030       0x2a mbed-rtos/rtx/TARGET_CORTEX_M/rt_CMSIS.o
                0x0000000000001030                svcSemaphoreRelease
 .text.svcSemaphoreDelete
                0x000000000000105a       0x1c mbed-rtos/rtx/TARGET_CORTEX_M/rt_CMSIS.o
                0x000000000000105a                svcSemaphoreDelete
 *fill*         0x0000000000001076        0x2 
 .text.osSemaphoreCreate
                0x0000000000001078       0x3c mbed-rtos/rtx/TARGET_CORTEX_M/rt_CMSIS.o
                0x0000000000001078                osSemaphoreCreate
 .text.osSemaphoreRelease
                0x00000000000010b4       0x3c mbed-rtos/rtx/TARGET_CORTEX_M/rt_CMSIS.o
                0x00000000000010b4                osSemaphoreRelease
 .text.osSemaphoreDelete
                0x00000000000010f0       0x18 mbed-rtos/rtx/TARGET_CORTEX_M/rt_CMSIS.o
                0x00000000000010f0                osSemaphoreDelete
 .text.svcMessageCreate
                0x0000000000001108       0x2c mbed-rtos/rtx/TARGET_CORTEX_M/rt_CMSIS.o
                0x0000000000001108                svcMessageCreate
 .text.svcKernelStart
                0x0000000000001134       0x5c mbed-rtos/rtx/TARGET_CORTEX_M/rt_CMSIS.o
                0x0000000000001134                svcKernelStart
 .text.svcMessageGet
                0x0000000000001190       0x68 mbed-rtos/rtx/TARGET_CORTEX_M/rt_CMSIS.o
                0x0000000000001190                svcMessageGet
 .text.osMessageGet
                0x00000000000011f8       0x50 mbed-rtos/rtx/TARGET_CORTEX_M/rt_CMSIS.o
                0x00000000000011f8                osMessageGet
 .text.osTimerThread
                0x0000000000001248       0x30 mbed-rtos/rtx/TARGET_CORTEX_M/rt_CMSIS.o
                0x0000000000001248                osTimerThread
 .text.rt_psh_req
                0x0000000000001278       0x24 mbed-rtos/rtx/TARGET_CORTEX_M/rt_System.o
                0x0000000000001278                rt_psh_req
 .text.rt_pop_req
                0x000000000000129c       0x70 mbed-rtos/rtx/TARGET_CORTEX_M/rt_System.o
                0x000000000000129c                rt_pop_req
 .text.os_tick_init
                0x000000000000130c       0x30 mbed-rtos/rtx/TARGET_CORTEX_M/rt_System.o
                0x000000000000130c                os_tick_init
 .text.os_tick_irqack
                0x000000000000133c        0x2 mbed-rtos/rtx/TARGET_CORTEX_M/rt_System.o
                0x000000000000133c                os_tick_irqack
 *fill*         0x000000000000133e        0x2 
 .text.rt_systick
                0x0000000000001340       0x3c mbed-rtos/rtx/TARGET_CORTEX_M/rt_System.o
                0x0000000000001340                rt_systick
 .text.rt_stk_check
                0x000000000000137c       0x2c mbed-rtos/rtx/TARGET_CORTEX_M/rt_System.o
                0x000000000000137c                rt_stk_check
 .text.rt_alloc_box
                0x00000000000013a8       0x1a mbed-rtos/rtx/TARGET_CORTEX_M/rt_MemBox.o
                0x00000000000013a8                rt_alloc_box
 .text.rt_free_box
                0x00000000000013c2       0x28 mbed-rtos/rtx/TARGET_CORTEX_M/rt_MemBox.o
                0x00000000000013c2                rt_free_box
 *fill*         0x00000000000013ea        0x2 
 .text.rt_init_robin
                0x00000000000013ec       0x18 mbed-rtos/rtx/TARGET_CORTEX_M/rt_Robin.o
                0x00000000000013ec                rt_init_robin
 .text.rt_chk_robin
                0x0000000000001404       0x50 mbed-rtos/rtx/TARGET_CORTEX_M/rt_Robin.o
                0x0000000000001404                rt_chk_robin
 .text.os_idle_demon
                0x0000000000001454        0x2 mbed-rtos/rtx/TARGET_CORTEX_M/RTX_Conf_CM.o
                0x0000000000001454                os_idle_demon
 .text.os_error
                0x0000000000001456        0x4 mbed-rtos/rtx/TARGET_CORTEX_M/RTX_Conf_CM.o
                0x0000000000001456                os_error
 .text.sysThreadError
                0x000000000000145a        0x8 mbed-rtos/rtx/TARGET_CORTEX_M/RTX_Conf_CM.o
                0x000000000000145a                sysThreadError
 *fill*         0x0000000000001462        0x2 
 .text.set_main_stack
                0x0000000000001464       0x1c mbed-rtos/rtx/TARGET_CORTEX_M/RTX_Conf_CM.o
                0x0000000000001464                set_main_stack
 .text.software_init_hook
                0x0000000000001480       0x38 mbed-rtos/rtx/TARGET_CORTEX_M/RTX_Conf_CM.o
                0x0000000000001480                software_init_hook
 .text.rt_mbx_init
                0x00000000000014b8       0x1a mbed-rtos/rtx/TARGET_CORTEX_M/rt_Mailbox.o
                0x00000000000014b8                rt_mbx_init
 *fill*         0x00000000000014d2        0x2 
 .text.rt_mbx_wait
                0x00000000000014d4       0xa4 mbed-rtos/rtx/TARGET_CORTEX_M/rt_Mailbox.o
                0x00000000000014d4                rt_mbx_wait
 .text.rt_mbx_check
                0x0000000000001578        0x8 mbed-rtos/rtx/TARGET_CORTEX_M/rt_Mailbox.o
                0x0000000000001578                rt_mbx_check
 .text.isr_mbx_send
                0x0000000000001580        0xe mbed-rtos/rtx/TARGET_CORTEX_M/rt_Mailbox.o
                0x0000000000001580                isr_mbx_send
 .text.isr_mbx_receive
                0x000000000000158e       0x4c mbed-rtos/rtx/TARGET_CORTEX_M/rt_Mailbox.o
                0x000000000000158e                isr_mbx_receive
 *fill*         0x00000000000015da        0x2 
 .text.rt_mbx_psh
                0x00000000000015dc       0xdc mbed-rtos/rtx/TARGET_CORTEX_M/rt_Mailbox.o
                0x00000000000015dc                rt_mbx_psh
 .text._ZN4mbed10SerialBaseD2Ev
                0x00000000000016b8        0x2 main.o
                0x00000000000016b8                mbed::SerialBase::~SerialBase()
                0x00000000000016b8                mbed::SerialBase::~SerialBase()
 *fill*         0x00000000000016ba        0x2 
 .text._ZN4mbed6TickerD2Ev
                0x00000000000016bc       0x1c main.o
                0x00000000000016bc                mbed::Ticker::~Ticker()
                0x00000000000016bc                mbed::Ticker::~Ticker()
 .text._ZN4mbed10SerialBaseD0Ev
                0x00000000000016d8        0xc main.o
                0x00000000000016d8                mbed::SerialBase::~SerialBase()
 .text._ZN4mbed6SerialD2Ev
                0x00000000000016e4       0x20 main.o
                0x00000000000016e4                mbed::Serial::~Serial()
                0x00000000000016e4                mbed::Serial::~Serial()
 .text._ZN4mbed6SerialD1Ev
                0x0000000000001704       0x10 main.o
                0x0000000000001704                non-virtual thunk to mbed::Serial::~Serial()
                0x000000000000170c                non-virtual thunk to mbed::Serial::~Serial()
 .text.gpio_write.constprop.2
                0x0000000000001714       0x38 main.o
 .text._Z6pwmoutv
                0x000000000000174c       0x50 main.o
                0x000000000000174c                pwmout()
 .text._ZN4mbed6TickerD0Ev
                0x000000000000179c       0x12 main.o
                0x000000000000179c                mbed::Ticker::~Ticker()
 *fill*         0x00000000000017ae        0x2 
 .text._ZN4mbed6TickerC2Ev
                0x00000000000017b0       0x20 main.o
                0x00000000000017b0                mbed::Ticker::Ticker()
                0x00000000000017b0                mbed::Ticker::Ticker()
 .text._Z4initv
                0x00000000000017d0       0x68 main.o
                0x00000000000017d0                init()
 .text.startup.main
                0x0000000000001838       0xe0 main.o
                0x0000000000001838                main
 .text._Z3capfPff
                0x0000000000001918       0x2e main.o
                0x0000000000001918                cap(float, float*, float)
 *fill*         0x0000000000001946        0x2 
 .text._Z14computeControlv
                0x0000000000001948      0x588 main.o
                0x0000000000001948                computeControl()
 .text._Z9incrementv
                0x0000000000001ed0       0xe8 main.o
                0x0000000000001ed0                increment()
 .text._ZN4mbed6SerialD0Ev
                0x0000000000001fb8       0x1e main.o
                0x0000000000001fb8                mbed::Serial::~Serial()
                0x0000000000001fca                non-virtual thunk to mbed::Serial::~Serial()
                0x0000000000001fd0                non-virtual thunk to mbed::Serial::~Serial()
 *fill*         0x0000000000001fd6        0x2 
 .text.startup._GLOBAL__sub_I_topForceEgain
                0x0000000000001fd8       0xd8 main.o
 .text.startup._GLOBAL__sub_I__ZN17EthernetInterface4initEv
                0x00000000000020b0       0x5c EthernetInterface/EthernetInterface.o
 .text._ZN4rtos9SemaphoreC2El
                0x000000000000210c       0x26 mbed-rtos/rtos/Semaphore.o
                0x000000000000210c                rtos::Semaphore::Semaphore(long)
                0x000000000000210c                rtos::Semaphore::Semaphore(long)
 .text._ZN4rtos9SemaphoreD2Ev
                0x0000000000002132        0xe mbed-rtos/rtos/Semaphore.o
                0x0000000000002132                rtos::Semaphore::~Semaphore()
                0x0000000000002132                rtos::Semaphore::~Semaphore()
 .text._ZN4mbed10FileHandle4flenEv
                0x0000000000002140       0x38 mbed/TARGET_K64F/TOOLCHAIN_GCC_ARM/retarget.o
                0x0000000000002140                mbed::FileHandle::flen()
 .text._ZN4mbed10FileHandleD2Ev
                0x0000000000002178       0x40 mbed/TARGET_K64F/TOOLCHAIN_GCC_ARM/retarget.o
                0x0000000000002178                mbed::FileHandle::~FileHandle()
                0x0000000000002178                mbed::FileHandle::~FileHandle()
 .text._ZN4mbed10FileHandleD0Ev
                0x00000000000021b8       0x48 mbed/TARGET_K64F/TOOLCHAIN_GCC_ARM/retarget.o
                0x00000000000021b8                mbed::FileHandle::~FileHandle()
 .text._ZL11init_serialv
                0x0000000000002200       0x20 mbed/TARGET_K64F/TOOLCHAIN_GCC_ARM/retarget.o
 .text._open    0x0000000000002220       0xe0 mbed/TARGET_K64F/TOOLCHAIN_GCC_ARM/retarget.o
                0x0000000000002220                _open
 .text._close   0x0000000000002300       0x2c mbed/TARGET_K64F/TOOLCHAIN_GCC_ARM/retarget.o
                0x0000000000002300                _close
 .text._write   0x000000000000232c       0x8c mbed/TARGET_K64F/TOOLCHAIN_GCC_ARM/retarget.o
                0x000000000000232c                _write
 .text._read    0x00000000000023b8       0x4c mbed/TARGET_K64F/TOOLCHAIN_GCC_ARM/retarget.o
                0x00000000000023b8                _read
 .text._isatty  0x0000000000002404       0x28 mbed/TARGET_K64F/TOOLCHAIN_GCC_ARM/retarget.o
                0x0000000000002404                _isatty
 .text._lseek   0x000000000000242c       0x28 mbed/TARGET_K64F/TOOLCHAIN_GCC_ARM/retarget.o
                0x000000000000242c                _lseek
 .text._fstat   0x0000000000002454       0x20 mbed/TARGET_K64F/TOOLCHAIN_GCC_ARM/retarget.o
                0x0000000000002454                _fstat
 .text.__cxa_pure_virtual
                0x0000000000002474        0x8 mbed/TARGET_K64F/TOOLCHAIN_GCC_ARM/retarget.o
                0x0000000000002474                __cxa_pure_virtual
 .text.mbed_main
                0x000000000000247c        0x4 mbed/TARGET_K64F/TOOLCHAIN_GCC_ARM/retarget.o
                0x000000000000247c                mbed_main
 .text.mbed_sdk_init
                0x0000000000002480        0x4 mbed/TARGET_K64F/TOOLCHAIN_GCC_ARM/retarget.o
                0x0000000000002480                mbed_sdk_init
 .text.__wrap_main
                0x0000000000002484       0x14 mbed/TARGET_K64F/TOOLCHAIN_GCC_ARM/retarget.o
                0x0000000000002484                __wrap_main
 .text._sbrk    0x0000000000002498       0x2c mbed/TARGET_K64F/TOOLCHAIN_GCC_ARM/retarget.o
                0x0000000000002498                _sbrk
 .text.mbed_die
                0x00000000000024c4       0x94 mbed/TARGET_K64F/TOOLCHAIN_GCC_ARM/board.o
                0x00000000000024c4                mbed_die
 .text.NVIC_SetVector
                0x0000000000002558       0x50 mbed/TARGET_K64F/TOOLCHAIN_GCC_ARM/cmsis_nvic.o
                0x0000000000002558                NVIC_SetVector
 .text.NMI_Handler
                0x00000000000025a8       0x10 mbed/TARGET_K64F/TOOLCHAIN_GCC_ARM/mbed_overrides.o
                0x00000000000025a8                NMI_Handler
 .text          0x00000000000025b8       0x14 mbed/TARGET_K64F/TOOLCHAIN_GCC_ARM/startup_MK64F12.o
                0x00000000000025ba                HardFault_Handler
                0x00000000000025bc                MemManage_Handler
                0x00000000000025be                BusFault_Handler
                0x00000000000025c0                UsageFault_Handler
                0x00000000000025c4                DebugMon_Handler
                0x00000000000025ca                CAN0_Rx_Warning_IRQHandler
                0x00000000000025ca                I2C0_IRQHandler
                0x00000000000025ca                UART3_RX_TX_IRQHandler
                0x00000000000025ca                UART0_RX_TX_IRQHandler
                0x00000000000025ca                I2C1_IRQHandler
                0x00000000000025ca                DMA2_IRQHandler
                0x00000000000025ca                ENET_Error_IRQHandler
                0x00000000000025ca                CAN0_Tx_Warning_IRQHandler
                0x00000000000025ca                PIT0_IRQHandler
                0x00000000000025ca                CAN0_ORed_Message_buffer_IRQHandler
                0x00000000000025ca                Watchdog_IRQHandler
                0x00000000000025ca                CMP2_IRQHandler
                0x00000000000025ca                ENET_1588_Timer_IRQHandler
                0x00000000000025ca                UART2_RX_TX_IRQHandler
                0x00000000000025ca                SWI_IRQHandler
                0x00000000000025ca                ADC0_IRQHandler
                0x00000000000025ca                I2S0_Tx_IRQHandler
                0x00000000000025ca                CMT_IRQHandler
                0x00000000000025ca                UART4_RX_TX_IRQHandler
                0x00000000000025ca                SPI1_IRQHandler
                0x00000000000025ca                DefaultISR
                0x00000000000025ca                DMA9_IRQHandler
                0x00000000000025ca                DMA14_IRQHandler
                0x00000000000025ca                CMP1_IRQHandler
                0x00000000000025ca                Reserved71_IRQHandler
                0x00000000000025ca                PORTD_IRQHandler
                0x00000000000025ca                PORTB_IRQHandler
                0x00000000000025ca                UART4_ERR_IRQHandler
                0x00000000000025ca                ADC1_IRQHandler
                0x00000000000025ca                I2C2_IRQHandler
                0x00000000000025ca                PIT2_IRQHandler
                0x00000000000025ca                I2S0_Rx_IRQHandler
                0x00000000000025ca                LPTimer_IRQHandler
                0x00000000000025ca                DMA5_IRQHandler
                0x00000000000025ca                RTC_IRQHandler
                0x00000000000025ca                PDB0_IRQHandler
                0x00000000000025ca                FTM1_IRQHandler
                0x00000000000025ca                UART5_RX_TX_IRQHandler
                0x00000000000025ca                UART3_ERR_IRQHandler
                0x00000000000025ca                PIT3_IRQHandler
                0x00000000000025ca                SDHC_IRQHandler
                0x00000000000025ca                RTC_Seconds_IRQHandler
                0x00000000000025ca                MCG_IRQHandler
                0x00000000000025ca                FTFE_IRQHandler
                0x00000000000025ca                UART2_ERR_IRQHandler
                0x00000000000025ca                DMA11_IRQHandler
                0x00000000000025ca                UART5_ERR_IRQHandler
                0x00000000000025ca                Read_Collision_IRQHandler
                0x00000000000025ca                Default_Handler
                0x00000000000025ca                DMA7_IRQHandler
                0x00000000000025ca                USBDCD_IRQHandler
                0x00000000000025ca                USB0_IRQHandler
                0x00000000000025ca                LLW_IRQHandler
                0x00000000000025ca                SPI2_IRQHandler
                0x00000000000025ca                DMA13_IRQHandler
                0x00000000000025ca                DMA3_IRQHandler
                0x00000000000025ca                UART0_LON_IRQHandler
                0x00000000000025ca                RNG_IRQHandler
                0x00000000000025ca                DMA0_IRQHandler
                0x00000000000025ca                DMA15_IRQHandler
                0x00000000000025ca                DAC0_IRQHandler
                0x00000000000025ca                CAN0_Error_IRQHandler
                0x00000000000025ca                DMA4_IRQHandler
                0x00000000000025ca                PIT1_IRQHandler
                0x00000000000025ca                UART0_ERR_IRQHandler
                0x00000000000025ca                DMA_Error_IRQHandler
                0x00000000000025ca                LVD_LVW_IRQHandler
                0x00000000000025ca                SPI0_IRQHandler
                0x00000000000025ca                FTM0_IRQHandler
                0x00000000000025ca                PORTA_IRQHandler
                0x00000000000025ca                DAC1_IRQHandler
                0x00000000000025ca                MCM_IRQHandler
                0x00000000000025ca                DMA12_IRQHandler
                0x00000000000025ca                CAN0_Bus_Off_IRQHandler
                0x00000000000025ca                FTM3_IRQHandler
                0x00000000000025ca                PORTE_IRQHandler
                0x00000000000025ca                FTM2_IRQHandler
                0x00000000000025ca                DMA8_IRQHandler
                0x00000000000025ca                DMA10_IRQHandler
                0x00000000000025ca                CAN0_Wake_Up_IRQHandler
                0x00000000000025ca                UART1_ERR_IRQHandler
                0x00000000000025ca                UART1_RX_TX_IRQHandler
                0x00000000000025ca                CMP0_IRQHandler
                0x00000000000025ca                PORTC_IRQHandler
                0x00000000000025ca                DMA6_IRQHandler
                0x00000000000025ca                DMA1_IRQHandler
 .text.SystemInit
                0x00000000000025cc      0x19c mbed/TARGET_K64F/TOOLCHAIN_GCC_ARM/system_MK64F12.o
                0x00000000000025cc                SystemInit
 .text.CLOCK_SYS_GetFreq
                0x0000000000002768       0xd4 ./mbed/TARGET_K64F/TOOLCHAIN_GCC_ARM/libmbed.a(fsl_clock_manager.o)
                0x0000000000002768                CLOCK_SYS_GetFreq
 .text.CLOCK_SYS_GetSysClkFreq
                0x000000000000283c       0x58 ./mbed/TARGET_K64F/TOOLCHAIN_GCC_ARM/libmbed.a(fsl_clock_manager.o)
                0x000000000000283c                CLOCK_SYS_GetSysClkFreq
 .text.GPIO_HAL_SetPinDir
                0x0000000000002894       0x3c ./mbed/TARGET_K64F/TOOLCHAIN_GCC_ARM/libmbed.a(fsl_gpio_hal.o)
                0x0000000000002894                GPIO_HAL_SetPinDir
 .text.GPIO_HAL_WritePinOutput
                0x00000000000028d0       0x30 ./mbed/TARGET_K64F/TOOLCHAIN_GCC_ARM/libmbed.a(fsl_gpio_hal.o)
                0x00000000000028d0                GPIO_HAL_WritePinOutput
 .text.CLOCK_HAL_GetFllRefClk
                0x0000000000002900       0x68 ./mbed/TARGET_K64F/TOOLCHAIN_GCC_ARM/libmbed.a(fsl_mcg_hal.o)
                0x0000000000002900                CLOCK_HAL_GetFllRefClk
 .text.CLOCK_HAL_GetFllClk
                0x0000000000002968       0x88 ./mbed/TARGET_K64F/TOOLCHAIN_GCC_ARM/libmbed.a(fsl_mcg_hal.o)
                0x0000000000002968                CLOCK_HAL_GetFllClk
 .text.CLOCK_HAL_GetPll0Clk
                0x00000000000029f0       0x48 ./mbed/TARGET_K64F/TOOLCHAIN_GCC_ARM/libmbed.a(fsl_mcg_hal.o)
                0x00000000000029f0                CLOCK_HAL_GetPll0Clk
 .text.CLOCK_HAL_GetInternalRefClk
                0x0000000000002a38       0x28 ./mbed/TARGET_K64F/TOOLCHAIN_GCC_ARM/libmbed.a(fsl_mcg_hal.o)
                0x0000000000002a38                CLOCK_HAL_GetInternalRefClk
 .text.CLOCK_HAL_GetOutClk
                0x0000000000002a60       0x80 ./mbed/TARGET_K64F/TOOLCHAIN_GCC_ARM/libmbed.a(fsl_mcg_hal.o)
                0x0000000000002a60                CLOCK_HAL_GetOutClk
 .text.CLOCK_HAL_GetDivider
                0x0000000000002ae0       0xac ./mbed/TARGET_K64F/TOOLCHAIN_GCC_ARM/libmbed.a(fsl_sim_hal.o)
                0x0000000000002ae0                CLOCK_HAL_GetDivider
 .text.SIM_HAL_EnablePortClock
                0x0000000000002b8c       0x68 ./mbed/TARGET_K64F/TOOLCHAIN_GCC_ARM/libmbed.a(fsl_sim_hal_K64F12.o)
                0x0000000000002b8c                SIM_HAL_EnablePortClock
 .text.SIM_HAL_EnableAdcClock
                0x0000000000002bf4       0x2c ./mbed/TARGET_K64F/TOOLCHAIN_GCC_ARM/libmbed.a(fsl_sim_hal_K64F12.o)
                0x0000000000002bf4                SIM_HAL_EnableAdcClock
 .text.SIM_HAL_EnablePitClock
                0x0000000000002c20       0x14 ./mbed/TARGET_K64F/TOOLCHAIN_GCC_ARM/libmbed.a(fsl_sim_hal_K64F12.o)
                0x0000000000002c20                SIM_HAL_EnablePitClock
 .text.SIM_HAL_EnableUartClock
                0x0000000000002c34       0x64 ./mbed/TARGET_K64F/TOOLCHAIN_GCC_ARM/libmbed.a(fsl_sim_hal_K64F12.o)
                0x0000000000002c34                SIM_HAL_EnableUartClock
 .text.analogin_init
                0x0000000000002c98      0x100 ./mbed/TARGET_K64F/TOOLCHAIN_GCC_ARM/libmbed.a(analogin_api.o)
                0x0000000000002c98                analogin_init
 .text.analogin_read_u16
                0x0000000000002d98       0x40 ./mbed/TARGET_K64F/TOOLCHAIN_GCC_ARM/libmbed.a(analogin_api.o)
                0x0000000000002d98                analogin_read_u16
 .text.analogin_read
                0x0000000000002dd8       0x20 ./mbed/TARGET_K64F/TOOLCHAIN_GCC_ARM/libmbed.a(analogin_api.o)
                0x0000000000002dd8                analogin_read
 .text.serial_init
                0x0000000000002df8      0x168 ./mbed/TARGET_K64F/TOOLCHAIN_GCC_ARM/libmbed.a(serial_api.o)
                0x0000000000002df8                serial_init
 .text.serial_irq_handler
                0x0000000000002f60       0x20 ./mbed/TARGET_K64F/TOOLCHAIN_GCC_ARM/libmbed.a(serial_api.o)
                0x0000000000002f60                serial_irq_handler
 .text.serial_readable
                0x0000000000002f80       0x60 ./mbed/TARGET_K64F/TOOLCHAIN_GCC_ARM/libmbed.a(serial_api.o)
                0x0000000000002f80                serial_readable
 .text.serial_getc
                0x0000000000002fe0       0x40 ./mbed/TARGET_K64F/TOOLCHAIN_GCC_ARM/libmbed.a(serial_api.o)
                0x0000000000002fe0                serial_getc
 .text.serial_writable
                0x0000000000003020       0x60 ./mbed/TARGET_K64F/TOOLCHAIN_GCC_ARM/libmbed.a(serial_api.o)
                0x0000000000003020                serial_writable
 .text.serial_putc
                0x0000000000003080       0x40 ./mbed/TARGET_K64F/TOOLCHAIN_GCC_ARM/libmbed.a(serial_api.o)
                0x0000000000003080                serial_putc
 .text.us_ticker_init
                0x00000000000030c0       0xbc ./mbed/TARGET_K64F/TOOLCHAIN_GCC_ARM/libmbed.a(us_ticker.o)
                0x00000000000030c0                us_ticker_init
 .text.us_ticker_read
                0x000000000000317c       0x20 ./mbed/TARGET_K64F/TOOLCHAIN_GCC_ARM/libmbed.a(us_ticker.o)
                0x000000000000317c                us_ticker_read
 .text.us_ticker_disable_interrupt
                0x000000000000319c       0x10 ./mbed/TARGET_K64F/TOOLCHAIN_GCC_ARM/libmbed.a(us_ticker.o)
                0x000000000000319c                us_ticker_disable_interrupt
 .text.us_ticker_clear_interrupt
                0x00000000000031ac       0x10 ./mbed/TARGET_K64F/TOOLCHAIN_GCC_ARM/libmbed.a(us_ticker.o)
                0x00000000000031ac                us_ticker_clear_interrupt
 .text.us_ticker_set_interrupt
                0x00000000000031bc       0x48 ./mbed/TARGET_K64F/TOOLCHAIN_GCC_ARM/libmbed.a(us_ticker.o)
                0x00000000000031bc                us_ticker_set_interrupt
 .text._ZN4mbed15FunctionPointerC2EPFvvE
                0x0000000000003204        0xc ./mbed/TARGET_K64F/TOOLCHAIN_GCC_ARM/libmbed.a(FunctionPointer.o)
                0x0000000000003204                mbed::FunctionPointer::FunctionPointer(void (*)())
                0x0000000000003204                mbed::FunctionPointer::FunctionPointer(void (*)())
 .text._ZN4mbed15FunctionPointer6attachEPFvvE
                0x0000000000003210        0x8 ./mbed/TARGET_K64F/TOOLCHAIN_GCC_ARM/libmbed.a(FunctionPointer.o)
                0x0000000000003210                mbed::FunctionPointer::attach(void (*)())
 .text._ZN4mbed15FunctionPointer4callEv
                0x0000000000003218       0x18 ./mbed/TARGET_K64F/TOOLCHAIN_GCC_ARM/libmbed.a(FunctionPointer.o)
                0x0000000000003218                mbed::FunctionPointer::call()
 .text._ZN4mbed8FilePathC2EPKc
                0x0000000000003230       0x54 ./mbed/TARGET_K64F/TOOLCHAIN_GCC_ARM/libmbed.a(FilePath.o)
                0x0000000000003230                mbed::FilePath::FilePath(char const*)
                0x0000000000003230                mbed::FilePath::FilePath(char const*)
 .text._ZN4mbed8FilePath8fileNameEv
                0x0000000000003284        0x4 ./mbed/TARGET_K64F/TOOLCHAIN_GCC_ARM/libmbed.a(FilePath.o)
                0x0000000000003284                mbed::FilePath::fileName()
 .text._ZN4mbed8FilePath12isFileSystemEv
                0x0000000000003288       0x14 ./mbed/TARGET_K64F/TOOLCHAIN_GCC_ARM/libmbed.a(FilePath.o)
                0x0000000000003288                mbed::FilePath::isFileSystem()
 .text._ZN4mbed8FilePath10fileSystemEv
                0x000000000000329c       0x10 ./mbed/TARGET_K64F/TOOLCHAIN_GCC_ARM/libmbed.a(FilePath.o)
                0x000000000000329c                mbed::FilePath::fileSystem()
 .text._ZN4mbed8FilePath6isFileEv
                0x00000000000032ac       0x14 ./mbed/TARGET_K64F/TOOLCHAIN_GCC_ARM/libmbed.a(FilePath.o)
                0x00000000000032ac                mbed::FilePath::isFile()
 .text._ZN4mbed8FilePath4fileEv
                0x00000000000032c0       0x14 ./mbed/TARGET_K64F/TOOLCHAIN_GCC_ARM/libmbed.a(FilePath.o)
                0x00000000000032c0                mbed::FilePath::file()
 .text._ZN4mbed8FilePath6existsEv
                0x00000000000032d4        0xc ./mbed/TARGET_K64F/TOOLCHAIN_GCC_ARM/libmbed.a(FilePath.o)
                0x00000000000032d4                mbed::FilePath::exists()
 .text._ZN4mbed8FileBaseD2Ev
                0x00000000000032e0       0x30 ./mbed/TARGET_K64F/TOOLCHAIN_GCC_ARM/libmbed.a(FileBase.o)
                0x00000000000032e0                mbed::FileBase::~FileBase()
                0x00000000000032e0                mbed::FileBase::~FileBase()
 .text._ZN4mbed8FileBaseD0Ev
                0x0000000000003310       0x3c ./mbed/TARGET_K64F/TOOLCHAIN_GCC_ARM/libmbed.a(FileBase.o)
                0x0000000000003310                mbed::FileBase::~FileBase()
 .text._ZN4mbed8FileBaseC2EPKcNS_8PathTypeE
                0x000000000000334c       0x20 ./mbed/TARGET_K64F/TOOLCHAIN_GCC_ARM/libmbed.a(FileBase.o)
                0x000000000000334c                mbed::FileBase::FileBase(char const*, mbed::PathType)
                0x000000000000334c                mbed::FileBase::FileBase(char const*, mbed::PathType)
 .text._ZN4mbed8FileBase6lookupEPKcj
                0x000000000000336c       0x40 ./mbed/TARGET_K64F/TOOLCHAIN_GCC_ARM/libmbed.a(FileBase.o)
                0x000000000000336c                mbed::FileBase::lookup(char const*, unsigned int)
 .text._ZN4mbed8FileBase11getPathTypeEv
                0x00000000000033ac        0x4 ./mbed/TARGET_K64F/TOOLCHAIN_GCC_ARM/libmbed.a(FileBase.o)
                0x00000000000033ac                mbed::FileBase::getPathType()
 .text._ZN4mbed6Ticker7handlerEv
                0x00000000000033b0       0x24 ./mbed/TARGET_K64F/TOOLCHAIN_GCC_ARM/libmbed.a(Ticker.o)
                0x00000000000033b0                mbed::Ticker::handler()
 .text._ZN4mbed6Ticker6detachEv
                0x00000000000033d4       0x18 ./mbed/TARGET_K64F/TOOLCHAIN_GCC_ARM/libmbed.a(Ticker.o)
                0x00000000000033d4                mbed::Ticker::detach()
 .text._ZN4mbed6Ticker5setupEy
                0x00000000000033ec       0x24 ./mbed/TARGET_K64F/TOOLCHAIN_GCC_ARM/libmbed.a(Ticker.o)
                0x00000000000033ec                mbed::Ticker::setup(unsigned long long)
 .text._ZN4mbed10TimerEvent3irqEm
                0x0000000000003410        0xc ./mbed/TARGET_K64F/TOOLCHAIN_GCC_ARM/libmbed.a(TimerEvent.o)
                0x0000000000003410                mbed::TimerEvent::irq(unsigned long)
 .text._ZN4mbed10TimerEventC2Ev
                0x000000000000341c       0x2c ./mbed/TARGET_K64F/TOOLCHAIN_GCC_ARM/libmbed.a(TimerEvent.o)
                0x000000000000341c                mbed::TimerEvent::TimerEvent()
                0x000000000000341c                mbed::TimerEvent::TimerEvent()
 .text._ZN4mbed10TimerEvent6insertEy
                0x0000000000003448       0x10 ./mbed/TARGET_K64F/TOOLCHAIN_GCC_ARM/libmbed.a(TimerEvent.o)
                0x0000000000003448                mbed::TimerEvent::insert(unsigned long long)
 .text._ZN4mbed10TimerEvent6removeEv
                0x0000000000003458        0x8 ./mbed/TARGET_K64F/TOOLCHAIN_GCC_ARM/libmbed.a(TimerEvent.o)
                0x0000000000003458                mbed::TimerEvent::remove()
 .text._ZN4mbed10TimerEventD2Ev
                0x0000000000003460       0x14 ./mbed/TARGET_K64F/TOOLCHAIN_GCC_ARM/libmbed.a(TimerEvent.o)
                0x0000000000003460                mbed::TimerEvent::~TimerEvent()
                0x0000000000003460                mbed::TimerEvent::~TimerEvent()
 .text._ZN4mbed10TimerEventD0Ev
                0x0000000000003474       0x14 ./mbed/TARGET_K64F/TOOLCHAIN_GCC_ARM/libmbed.a(TimerEvent.o)
                0x0000000000003474                mbed::TimerEvent::~TimerEvent()
 .text._ZN4mbed6Serial5_putcEi
                0x0000000000003488        0x4 ./mbed/TARGET_K64F/TOOLCHAIN_GCC_ARM/libmbed.a(Serial.o)
                0x0000000000003488                mbed::Serial::_putc(int)
 .text._ZThn68_N4mbed6Serial5_putcEi
                0x000000000000348c        0x8 ./mbed/TARGET_K64F/TOOLCHAIN_GCC_ARM/libmbed.a(Serial.o)
                0x000000000000348c                non-virtual thunk to mbed::Serial::_putc(int)
 .text._ZN4mbed6Serial5_getcEv
                0x0000000000003494        0x4 ./mbed/TARGET_K64F/TOOLCHAIN_GCC_ARM/libmbed.a(Serial.o)
                0x0000000000003494                mbed::Serial::_getc()
 .text._ZThn68_N4mbed6Serial5_getcEv
                0x0000000000003498        0x8 ./mbed/TARGET_K64F/TOOLCHAIN_GCC_ARM/libmbed.a(Serial.o)
                0x0000000000003498                non-virtual thunk to mbed::Serial::_getc()
 .text._ZN4mbed6SerialC2E7PinNameS1_PKc
                0x00000000000034a0       0x30 ./mbed/TARGET_K64F/TOOLCHAIN_GCC_ARM/libmbed.a(Serial.o)
                0x00000000000034a0                mbed::Serial::Serial(PinName, PinName, char const*)
                0x00000000000034a0                mbed::Serial::Serial(PinName, PinName, char const*)
 .text._ZN4mbed10SerialBase12_irq_handlerEm9SerialIrq
                0x00000000000034d0       0x10 ./mbed/TARGET_K64F/TOOLCHAIN_GCC_ARM/libmbed.a(SerialBase.o)
                0x00000000000034d0                mbed::SerialBase::_irq_handler(unsigned long, SerialIrq)
 .text._ZN4mbed10SerialBaseC2E7PinNameS1_
                0x00000000000034e0       0x50 ./mbed/TARGET_K64F/TOOLCHAIN_GCC_ARM/libmbed.a(SerialBase.o)
                0x00000000000034e0                mbed::SerialBase::SerialBase(PinName, PinName)
                0x00000000000034e0                mbed::SerialBase::SerialBase(PinName, PinName)
 .text._ZN4mbed10SerialBase10_base_getcEv
                0x0000000000003530        0x8 ./mbed/TARGET_K64F/TOOLCHAIN_GCC_ARM/libmbed.a(SerialBase.o)
                0x0000000000003530                mbed::SerialBase::_base_getc()
 .text._ZN4mbed10SerialBase10_base_putcEi
                0x0000000000003538       0x10 ./mbed/TARGET_K64F/TOOLCHAIN_GCC_ARM/libmbed.a(SerialBase.o)
                0x0000000000003538                mbed::SerialBase::_base_putc(int)
 .text._ZN4mbed6Stream5closeEv
                0x0000000000003548        0x4 ./mbed/TARGET_K64F/TOOLCHAIN_GCC_ARM/libmbed.a(Stream.o)
                0x0000000000003548                mbed::Stream::close()
 .text._ZN4mbed6Stream5writeEPKvj
                0x000000000000354c       0x78 ./mbed/TARGET_K64F/TOOLCHAIN_GCC_ARM/libmbed.a(Stream.o)
                0x000000000000354c                mbed::Stream::write(void const*, unsigned int)
 .text._ZN4mbed6Stream4readEPvj
                0x00000000000035c4       0x78 ./mbed/TARGET_K64F/TOOLCHAIN_GCC_ARM/libmbed.a(Stream.o)
                0x00000000000035c4                mbed::Stream::read(void*, unsigned int)
 .text._ZN4mbed6Stream5lseekEli
                0x000000000000363c        0x4 ./mbed/TARGET_K64F/TOOLCHAIN_GCC_ARM/libmbed.a(Stream.o)
                0x000000000000363c                mbed::Stream::lseek(long, int)
 .text._ZN4mbed6Stream6isattyEv
                0x0000000000003640        0x4 ./mbed/TARGET_K64F/TOOLCHAIN_GCC_ARM/libmbed.a(Stream.o)
                0x0000000000003640                mbed::Stream::isatty()
 .text._ZN4mbed6Stream5fsyncEv
                0x0000000000003644        0x4 ./mbed/TARGET_K64F/TOOLCHAIN_GCC_ARM/libmbed.a(Stream.o)
                0x0000000000003644                mbed::Stream::fsync()
 .text._ZN4mbed6Stream4flenEv
                0x0000000000003648        0x4 ./mbed/TARGET_K64F/TOOLCHAIN_GCC_ARM/libmbed.a(Stream.o)
                0x0000000000003648                mbed::Stream::flen()
 .text._ZN4mbed6StreamD2Ev
                0x000000000000364c       0x28 ./mbed/TARGET_K64F/TOOLCHAIN_GCC_ARM/libmbed.a(Stream.o)
                0x000000000000364c                mbed::Stream::~Stream()
                0x000000000000364c                mbed::Stream::~Stream()
 .text._ZThn4_N4mbed6StreamD1Ev
                0x0000000000003674        0x8 ./mbed/TARGET_K64F/TOOLCHAIN_GCC_ARM/libmbed.a(Stream.o)
                0x0000000000003674                non-virtual thunk to mbed::Stream::~Stream()
 .text._ZN4mbed6StreamD0Ev
                0x000000000000367c       0x14 ./mbed/TARGET_K64F/TOOLCHAIN_GCC_ARM/libmbed.a(Stream.o)
                0x000000000000367c                mbed::Stream::~Stream()
 .text._ZThn4_N4mbed6StreamD0Ev
                0x0000000000003690        0x8 ./mbed/TARGET_K64F/TOOLCHAIN_GCC_ARM/libmbed.a(Stream.o)
                0x0000000000003690                non-virtual thunk to mbed::Stream::~Stream()
 .text._ZN4mbed6StreamC2EPKc
                0x0000000000003698       0x4c ./mbed/TARGET_K64F/TOOLCHAIN_GCC_ARM/libmbed.a(Stream.o)
                0x0000000000003698                mbed::Stream::Stream(char const*)
                0x0000000000003698                mbed::Stream::Stream(char const*)
 .text._ZN4mbed6Stream6printfEPKcz
                0x00000000000036e4       0x2c ./mbed/TARGET_K64F/TOOLCHAIN_GCC_ARM/libmbed.a(Stream.o)
                0x00000000000036e4                mbed::Stream::printf(char const*, ...)
 .text._ZN4mbed5Timer5startEv
                0x0000000000003710       0x14 ./mbed/TARGET_K64F/TOOLCHAIN_GCC_ARM/libmbed.a(Timer.o)
                0x0000000000003710                mbed::Timer::start()
 .text._ZN4mbed5Timer9slicetimeEv
                0x0000000000003724       0x18 ./mbed/TARGET_K64F/TOOLCHAIN_GCC_ARM/libmbed.a(Timer.o)
                0x0000000000003724                mbed::Timer::slicetime()
 .text._ZN4mbed5Timer7read_usEv
                0x000000000000373c        0xc ./mbed/TARGET_K64F/TOOLCHAIN_GCC_ARM/libmbed.a(Timer.o)
                0x000000000000373c                mbed::Timer::read_us()
 .text._ZN4mbed5Timer7read_msEv
                0x0000000000003748       0x1c ./mbed/TARGET_K64F/TOOLCHAIN_GCC_ARM/libmbed.a(Timer.o)
                0x0000000000003748                mbed::Timer::read_ms()
 .text._ZN4mbed5Timer5resetEv
                0x0000000000003764       0x10 ./mbed/TARGET_K64F/TOOLCHAIN_GCC_ARM/libmbed.a(Timer.o)
                0x0000000000003764                mbed::Timer::reset()
 .text._ZN4mbed5TimerC2Ev
                0x0000000000003774       0x14 ./mbed/TARGET_K64F/TOOLCHAIN_GCC_ARM/libmbed.a(Timer.o)
                0x0000000000003774                mbed::Timer::Timer()
                0x0000000000003774                mbed::Timer::Timer()
 .text.error    0x0000000000003788       0x24 ./mbed/TARGET_K64F/TOOLCHAIN_GCC_ARM/libmbed.a(error.o)
                0x0000000000003788                error
 .text.pinmap_pinout
                0x00000000000037ac       0x40 ./mbed/TARGET_K64F/TOOLCHAIN_GCC_ARM/libmbed.a(pinmap_common.o)
                0x00000000000037ac                pinmap_pinout
 .text.pinmap_merge
                0x00000000000037ec       0x24 ./mbed/TARGET_K64F/TOOLCHAIN_GCC_ARM/libmbed.a(pinmap_common.o)
                0x00000000000037ec                pinmap_merge
 .text.pinmap_peripheral
                0x0000000000003810       0x34 ./mbed/TARGET_K64F/TOOLCHAIN_GCC_ARM/libmbed.a(pinmap_common.o)
                0x0000000000003810                pinmap_peripheral
 .text.mbed_assert_internal
                0x0000000000003844       0x30 ./mbed/TARGET_K64F/TOOLCHAIN_GCC_ARM/libmbed.a(assert.o)
                0x0000000000003844                mbed_assert_internal
 .text.exit     0x0000000000003874       0x24 ./mbed/TARGET_K64F/TOOLCHAIN_GCC_ARM/libmbed.a(exit.o)
                0x0000000000003874                exit
 .text.wait_us  0x0000000000003898       0x18 ./mbed/TARGET_K64F/TOOLCHAIN_GCC_ARM/libmbed.a(wait_api.o)
                0x0000000000003898                wait_us
 .text.wait_ms  0x00000000000038b0        0xc ./mbed/TARGET_K64F/TOOLCHAIN_GCC_ARM/libmbed.a(wait_api.o)
                0x00000000000038b0                wait_ms
 .text.us_ticker_set_handler
                0x00000000000038bc       0x14 ./mbed/TARGET_K64F/TOOLCHAIN_GCC_ARM/libmbed.a(us_ticker_api.o)
                0x00000000000038bc                us_ticker_set_handler
 .text.us_ticker_irq_handler
                0x00000000000038d0       0x4c ./mbed/TARGET_K64F/TOOLCHAIN_GCC_ARM/libmbed.a(us_ticker_api.o)
                0x00000000000038d0                us_ticker_irq_handler
 .text.us_ticker_insert_event
                0x000000000000391c       0x64 ./mbed/TARGET_K64F/TOOLCHAIN_GCC_ARM/libmbed.a(us_ticker_api.o)
                0x000000000000391c                us_ticker_insert_event
 .text.us_ticker_remove_event
                0x0000000000003980       0x4c ./mbed/TARGET_K64F/TOOLCHAIN_GCC_ARM/libmbed.a(us_ticker_api.o)
                0x0000000000003980                us_ticker_remove_event
 .text.gpio_init_in
                0x00000000000039cc       0x24 ./mbed/TARGET_K64F/TOOLCHAIN_GCC_ARM/libmbed.a(gpio.o)
                0x00000000000039cc                gpio_init_in
 .text.gpio_init_out_ex
                0x00000000000039f0       0x70 ./mbed/TARGET_K64F/TOOLCHAIN_GCC_ARM/libmbed.a(gpio.o)
                0x00000000000039f0                gpio_init_out_ex
 .text.gpio_init_out
                0x0000000000003a60        0x8 ./mbed/TARGET_K64F/TOOLCHAIN_GCC_ARM/libmbed.a(gpio.o)
                0x0000000000003a60                gpio_init_out
 .text.ADC_HAL_Init
                0x0000000000003a68       0x10 ./mbed/TARGET_K64F/TOOLCHAIN_GCC_ARM/libmbed.a(fsl_adc_hal.o)
                0x0000000000003a68                ADC_HAL_Init
 .text.UART_HAL_Init
                0x0000000000003a78       0x2c ./mbed/TARGET_K64F/TOOLCHAIN_GCC_ARM/libmbed.a(fsl_uart_hal.o)
                0x0000000000003a78                UART_HAL_Init
 .text.UART_HAL_SetBaudRate
                0x0000000000003aa4       0x44 ./mbed/TARGET_K64F/TOOLCHAIN_GCC_ARM/libmbed.a(fsl_uart_hal.o)
                0x0000000000003aa4                UART_HAL_SetBaudRate
 .text.UART_HAL_Putchar
                0x0000000000003ae8        0x8 ./mbed/TARGET_K64F/TOOLCHAIN_GCC_ARM/libmbed.a(fsl_uart_hal.o)
                0x0000000000003ae8                UART_HAL_Putchar
 .text.UART_HAL_Getchar
                0x0000000000003af0        0x8 ./mbed/TARGET_K64F/TOOLCHAIN_GCC_ARM/libmbed.a(fsl_uart_hal.o)
                0x0000000000003af0                UART_HAL_Getchar
 .text.UART_HAL_GetStatusFlag
                0x0000000000003af8       0x4c ./mbed/TARGET_K64F/TOOLCHAIN_GCC_ARM/libmbed.a(fsl_uart_hal.o)
                0x0000000000003af8                UART_HAL_GetStatusFlag
 .text.UART_HAL_ClearStatusFlag
                0x0000000000003b44       0x70 ./mbed/TARGET_K64F/TOOLCHAIN_GCC_ARM/libmbed.a(fsl_uart_hal.o)
                0x0000000000003b44                UART_HAL_ClearStatusFlag
 .text.CLOCK_SYS_GetUartFreq
                0x0000000000003bb4       0x34 ./mbed/TARGET_K64F/TOOLCHAIN_GCC_ARM/libmbed.a(fsl_clock_K64F12.o)
                0x0000000000003bb4                CLOCK_SYS_GetUartFreq
 .text.gpio_init
                0x0000000000003be8       0x6c ./mbed/TARGET_K64F/TOOLCHAIN_GCC_ARM/libmbed.a(gpio_api.o)
                0x0000000000003be8                gpio_init
 .text.gpio_mode
                0x0000000000003c54        0x8 ./mbed/TARGET_K64F/TOOLCHAIN_GCC_ARM/libmbed.a(gpio_api.o)
                0x0000000000003c54                gpio_mode
 .text.gpio_dir
                0x0000000000003c5c       0x58 ./mbed/TARGET_K64F/TOOLCHAIN_GCC_ARM/libmbed.a(gpio_api.o)
                0x0000000000003c5c                gpio_dir
 .text.unlikely.PORT_HAL_SetPullCmd.part.0
                0x0000000000003cb4       0x1c ./mbed/TARGET_K64F/TOOLCHAIN_GCC_ARM/libmbed.a(pinmap.o)
 .text.pin_function
                0x0000000000003cd0       0x90 ./mbed/TARGET_K64F/TOOLCHAIN_GCC_ARM/libmbed.a(pinmap.o)
                0x0000000000003cd0                pin_function
 .text.pin_mode
                0x0000000000003d60       0xa8 ./mbed/TARGET_K64F/TOOLCHAIN_GCC_ARM/libmbed.a(pinmap.o)
                0x0000000000003d60                pin_mode
 .text._ZN4mbed8FileLikeD2Ev
                0x0000000000003e08       0x28 ./mbed/TARGET_K64F/TOOLCHAIN_GCC_ARM/libmbed.a(FileLike.o)
                0x0000000000003e08                mbed::FileLike::~FileLike()
                0x0000000000003e08                mbed::FileLike::~FileLike()
 .text._ZThn4_N4mbed8FileLikeD1Ev
                0x0000000000003e30        0x8 ./mbed/TARGET_K64F/TOOLCHAIN_GCC_ARM/libmbed.a(FileLike.o)
                0x0000000000003e30                non-virtual thunk to mbed::FileLike::~FileLike()
 .text._ZN4mbed8FileLikeD0Ev
                0x0000000000003e38       0x14 ./mbed/TARGET_K64F/TOOLCHAIN_GCC_ARM/libmbed.a(FileLike.o)
                0x0000000000003e38                mbed::FileLike::~FileLike()
 .text._ZThn4_N4mbed8FileLikeD0Ev
                0x0000000000003e4c        0x8 ./mbed/TARGET_K64F/TOOLCHAIN_GCC_ARM/libmbed.a(FileLike.o)
                0x0000000000003e4c                non-virtual thunk to mbed::FileLike::~FileLike()
 .text._ZN4mbed8FileLikeC2EPKc
                0x0000000000003e54       0x2c ./mbed/TARGET_K64F/TOOLCHAIN_GCC_ARM/libmbed.a(FileLike.o)
                0x0000000000003e54                mbed::FileLike::FileLike(char const*)
                0x0000000000003e54                mbed::FileLike::FileLike(char const*)
 .text.__aeabi_atexit
                0x0000000000003e80        0xa /usr/bin/../lib/gcc/arm-none-eabi/4.9.3/../../../../arm-none-eabi/lib/armv7e-m/softfp/libstdc++_nano.a(atexit_arm.o)
                0x0000000000003e80                __aeabi_atexit
 .text._ZdlPv   0x0000000000003e8a        0x4 /usr/bin/../lib/gcc/arm-none-eabi/4.9.3/../../../../arm-none-eabi/lib/armv7e-m/softfp/libstdc++_nano.a(del_op.o)
                0x0000000000003e8a                operator delete(void*)
 .text.abort    0x0000000000003e8e        0xe /usr/bin/../lib/gcc/arm-none-eabi/4.9.3/../../../../arm-none-eabi/lib/armv7e-m/softfp/libc_nano.a(lib_a-abort.o)
                0x0000000000003e8e                abort
 .text.__assert_func
                0x0000000000003e9c       0x38 /usr/bin/../lib/gcc/arm-none-eabi/4.9.3/../../../../arm-none-eabi/lib/armv7e-m/softfp/libc_nano.a(lib_a-assert.o)
                0x0000000000003e9c                __assert_func
 .text.atexit   0x0000000000003ed4        0xc /usr/bin/../lib/gcc/arm-none-eabi/4.9.3/../../../../arm-none-eabi/lib/armv7e-m/softfp/libc_nano.a(lib_a-atexit.o)
                0x0000000000003ed4                atexit
 .text.__cxa_atexit
                0x0000000000003ee0       0x1c /usr/bin/../lib/gcc/arm-none-eabi/4.9.3/../../../../arm-none-eabi/lib/armv7e-m/softfp/libc_nano.a(lib_a-cxa_atexit.o)
                0x0000000000003ee0                __cxa_atexit
 .text.__errno  0x0000000000003efc        0xc /usr/bin/../lib/gcc/arm-none-eabi/4.9.3/../../../../arm-none-eabi/lib/armv7e-m/softfp/libc_nano.a(lib_a-errno.o)
                0x0000000000003efc                __errno
 .text._fclose_r
                0x0000000000003f08       0xa4 /usr/bin/../lib/gcc/arm-none-eabi/4.9.3/../../../../arm-none-eabi/lib/armv7e-m/softfp/libc_nano.a(lib_a-fclose.o)
                0x0000000000003f08                _fclose_r
 .text.fclose   0x0000000000003fac       0x10 /usr/bin/../lib/gcc/arm-none-eabi/4.9.3/../../../../arm-none-eabi/lib/armv7e-m/softfp/libc_nano.a(lib_a-fclose.o)
                0x0000000000003fac                fclose
 .text.__sflush_r
                0x0000000000003fbc      0x108 /usr/bin/../lib/gcc/arm-none-eabi/4.9.3/../../../../arm-none-eabi/lib/armv7e-m/softfp/libc_nano.a(lib_a-fflush.o)
                0x0000000000003fbc                __sflush_r
 .text._fflush_r
                0x00000000000040c4       0x54 /usr/bin/../lib/gcc/arm-none-eabi/4.9.3/../../../../arm-none-eabi/lib/armv7e-m/softfp/libc_nano.a(lib_a-fflush.o)
                0x00000000000040c4                _fflush_r
 .text.fflush   0x0000000000004118       0x24 /usr/bin/../lib/gcc/arm-none-eabi/4.9.3/../../../../arm-none-eabi/lib/armv7e-m/softfp/libc_nano.a(lib_a-fflush.o)
                0x0000000000004118                fflush
 .text._cleanup_r
                0x000000000000413c        0xc /usr/bin/../lib/gcc/arm-none-eabi/4.9.3/../../../../arm-none-eabi/lib/armv7e-m/softfp/libc_nano.a(lib_a-findfp.o)
                0x000000000000413c                _cleanup_r
 .text.std.isra.0
                0x0000000000004148       0x48 /usr/bin/../lib/gcc/arm-none-eabi/4.9.3/../../../../arm-none-eabi/lib/armv7e-m/softfp/libc_nano.a(lib_a-findfp.o)
 .text.__sfmoreglue
                0x0000000000004190       0x2c /usr/bin/../lib/gcc/arm-none-eabi/4.9.3/../../../../arm-none-eabi/lib/armv7e-m/softfp/libc_nano.a(lib_a-findfp.o)
                0x0000000000004190                __sfmoreglue
 .text.__sinit  0x00000000000041bc       0x60 /usr/bin/../lib/gcc/arm-none-eabi/4.9.3/../../../../arm-none-eabi/lib/armv7e-m/softfp/libc_nano.a(lib_a-findfp.o)
                0x00000000000041bc                __sinit
 .text.__sfp    0x000000000000421c       0x74 /usr/bin/../lib/gcc/arm-none-eabi/4.9.3/../../../../arm-none-eabi/lib/armv7e-m/softfp/libc_nano.a(lib_a-findfp.o)
                0x000000000000421c                __sfp
 .text.__sfp_lock_acquire
                0x0000000000004290        0x2 /usr/bin/../lib/gcc/arm-none-eabi/4.9.3/../../../../arm-none-eabi/lib/armv7e-m/softfp/libc_nano.a(lib_a-findfp.o)
                0x0000000000004290                __sfp_lock_acquire
 .text.__sfp_lock_release
                0x0000000000004292        0x2 /usr/bin/../lib/gcc/arm-none-eabi/4.9.3/../../../../arm-none-eabi/lib/armv7e-m/softfp/libc_nano.a(lib_a-findfp.o)
                0x0000000000004292                __sfp_lock_release
 .text.__libc_fini_array
                0x0000000000004294       0x28 /usr/bin/../lib/gcc/arm-none-eabi/4.9.3/../../../../arm-none-eabi/lib/armv7e-m/softfp/libc_nano.a(lib_a-fini.o)
                0x0000000000004294                __libc_fini_array
 .text._fopen_r
                0x00000000000042bc       0x80 /usr/bin/../lib/gcc/arm-none-eabi/4.9.3/../../../../arm-none-eabi/lib/armv7e-m/softfp/libc_nano.a(lib_a-fopen.o)
                0x00000000000042bc                _fopen_r
 .text.fopen    0x000000000000433c       0x14 /usr/bin/../lib/gcc/arm-none-eabi/4.9.3/../../../../arm-none-eabi/lib/armv7e-m/softfp/libc_nano.a(lib_a-fopen.o)
                0x000000000000433c                fopen
 .text.fprintf  0x0000000000004350       0x24 /usr/bin/../lib/gcc/arm-none-eabi/4.9.3/../../../../arm-none-eabi/lib/armv7e-m/softfp/libc_nano.a(lib_a-fprintf.o)
                0x0000000000004350                fprintf
                0x0000000000004350                fiprintf
 .text._fseek_r
                0x0000000000004374        0x4 /usr/bin/../lib/gcc/arm-none-eabi/4.9.3/../../../../arm-none-eabi/lib/armv7e-m/softfp/libc_nano.a(lib_a-fseek.o)
                0x0000000000004374                _fseek_r
 .text._fseeko_r
                0x0000000000004378      0x118 /usr/bin/../lib/gcc/arm-none-eabi/4.9.3/../../../../arm-none-eabi/lib/armv7e-m/softfp/libc_nano.a(lib_a-fseeko.o)
                0x0000000000004378                _fseeko_r
 .text._fwalk_reent
                0x0000000000004490       0x3c /usr/bin/../lib/gcc/arm-none-eabi/4.9.3/../../../../arm-none-eabi/lib/armv7e-m/softfp/libc_nano.a(lib_a-fwalk.o)
                0x0000000000004490                _fwalk_reent
 .text.__libc_init_array
                0x00000000000044cc       0x4c /usr/bin/../lib/gcc/arm-none-eabi/4.9.3/../../../../arm-none-eabi/lib/armv7e-m/softfp/libc_nano.a(lib_a-init.o)
                0x00000000000044cc                __libc_init_array
 .text.__smakebuf_r
                0x0000000000004518       0x9c /usr/bin/../lib/gcc/arm-none-eabi/4.9.3/../../../../arm-none-eabi/lib/armv7e-m/softfp/libc_nano.a(lib_a-makebuf.o)
                0x0000000000004518                __smakebuf_r
 .text.malloc   0x00000000000045b4       0x10 /usr/bin/../lib/gcc/arm-none-eabi/4.9.3/../../../../arm-none-eabi/lib/armv7e-m/softfp/libc_nano.a(lib_a-malloc.o)
                0x00000000000045b4                malloc
 .text.free     0x00000000000045c4       0x10 /usr/bin/../lib/gcc/arm-none-eabi/4.9.3/../../../../arm-none-eabi/lib/armv7e-m/softfp/libc_nano.a(lib_a-malloc.o)
                0x00000000000045c4                free
 .text.memchr   0x00000000000045d4       0x1e /usr/bin/../lib/gcc/arm-none-eabi/4.9.3/../../../../arm-none-eabi/lib/armv7e-m/softfp/libc_nano.a(lib_a-memchr.o)
                0x00000000000045d4                memchr
 .text.memcpy   0x00000000000045f2       0x16 /usr/bin/../lib/gcc/arm-none-eabi/4.9.3/../../../../arm-none-eabi/lib/armv7e-m/softfp/libc_nano.a(lib_a-memcpy.o)
                0x00000000000045f2                memcpy
 .text.memset   0x0000000000004608       0x10 /usr/bin/../lib/gcc/arm-none-eabi/4.9.3/../../../../arm-none-eabi/lib/armv7e-m/softfp/libc_nano.a(lib_a-memset.o)
                0x0000000000004608                memset
 .text._calloc_r
                0x0000000000004618       0x1c /usr/bin/../lib/gcc/arm-none-eabi/4.9.3/../../../../arm-none-eabi/lib/armv7e-m/softfp/libc_nano.a(lib_a-nano-callocr.o)
                0x0000000000004618                _calloc_r
 .text._free_r  0x0000000000004634       0x88 /usr/bin/../lib/gcc/arm-none-eabi/4.9.3/../../../../arm-none-eabi/lib/armv7e-m/softfp/libc_nano.a(lib_a-nano-freer.o)
                0x0000000000004634                _free_r
 .text._malloc_r
                0x00000000000046bc       0xac /usr/bin/../lib/gcc/arm-none-eabi/4.9.3/../../../../arm-none-eabi/lib/armv7e-m/softfp/libc_nano.a(lib_a-nano-mallocr.o)
                0x00000000000046bc                _malloc_r
 .text.__sfputc_r
                0x0000000000004768       0x2c /usr/bin/../lib/gcc/arm-none-eabi/4.9.3/../../../../arm-none-eabi/lib/armv7e-m/softfp/libc_nano.a(lib_a-nano-vfprintf.o)
 .text.__sfputs_r
                0x0000000000004794       0x24 /usr/bin/../lib/gcc/arm-none-eabi/4.9.3/../../../../arm-none-eabi/lib/armv7e-m/softfp/libc_nano.a(lib_a-nano-vfprintf.o)
                0x0000000000004794                __sfputs_r
 .text._vfprintf_r
                0x00000000000047b8      0x210 /usr/bin/../lib/gcc/arm-none-eabi/4.9.3/../../../../arm-none-eabi/lib/armv7e-m/softfp/libc_nano.a(lib_a-nano-vfprintf.o)
                0x00000000000047b8                _vfiprintf_r
                0x00000000000047b8                _vfprintf_r
 .text.vfprintf
                0x00000000000049c8       0x1c /usr/bin/../lib/gcc/arm-none-eabi/4.9.3/../../../../arm-none-eabi/lib/armv7e-m/softfp/libc_nano.a(lib_a-nano-vfprintf.o)
                0x00000000000049c8                vfiprintf
                0x00000000000049c8                vfprintf
 .text.__cvt    0x00000000000049e4       0xc0 /usr/bin/../lib/gcc/arm-none-eabi/4.9.3/../../../../arm-none-eabi/lib/armv7e-m/softfp/libc_nano.a(lib_a-nano-vfprintf_float.o)
                0x00000000000049e4                __cvt
 .text.__exponent
                0x0000000000004aa4       0x60 /usr/bin/../lib/gcc/arm-none-eabi/4.9.3/../../../../arm-none-eabi/lib/armv7e-m/softfp/libc_nano.a(lib_a-nano-vfprintf_float.o)
                0x0000000000004aa4                __exponent
 .text._printf_float
                0x0000000000004b04      0x488 /usr/bin/../lib/gcc/arm-none-eabi/4.9.3/../../../../arm-none-eabi/lib/armv7e-m/softfp/libc_nano.a(lib_a-nano-vfprintf_float.o)
                0x0000000000004b04                _printf_float
 .text._printf_common
                0x0000000000004f8c       0xea /usr/bin/../lib/gcc/arm-none-eabi/4.9.3/../../../../arm-none-eabi/lib/armv7e-m/softfp/libc_nano.a(lib_a-nano-vfprintf_i.o)
                0x0000000000004f8c                _printf_common
 *fill*         0x0000000000005076        0x2 
 .text._printf_i
                0x0000000000005078      0x234 /usr/bin/../lib/gcc/arm-none-eabi/4.9.3/../../../../arm-none-eabi/lib/armv7e-m/softfp/libc_nano.a(lib_a-nano-vfprintf_i.o)
                0x0000000000005078                _printf_i
 .text._scanf_float
                0x00000000000052ac      0x3cc /usr/bin/../lib/gcc/arm-none-eabi/4.9.3/../../../../arm-none-eabi/lib/armv7e-m/softfp/libc_nano.a(lib_a-nano-vfscanf_float.o)
                0x00000000000052ac                _scanf_float
 .text._scanf_chars
                0x0000000000005678       0xc0 /usr/bin/../lib/gcc/arm-none-eabi/4.9.3/../../../../arm-none-eabi/lib/armv7e-m/softfp/libc_nano.a(lib_a-nano-vfscanf_i.o)
                0x0000000000005678                _scanf_chars
 .text._scanf_i
                0x0000000000005738      0x1e4 /usr/bin/../lib/gcc/arm-none-eabi/4.9.3/../../../../arm-none-eabi/lib/armv7e-m/softfp/libc_nano.a(lib_a-nano-vfscanf_i.o)
                0x0000000000005738                _scanf_i
 .text._open_r  0x000000000000591c       0x24 /usr/bin/../lib/gcc/arm-none-eabi/4.9.3/../../../../arm-none-eabi/lib/armv7e-m/softfp/libc_nano.a(lib_a-openr.o)
                0x000000000000591c                _open_r
 .text.__fpclassifyd
                0x0000000000005940       0x54 /usr/bin/../lib/gcc/arm-none-eabi/4.9.3/../../../../arm-none-eabi/lib/armv7e-m/softfp/libc_nano.a(lib_a-s_fpclassify.o)
                0x0000000000005940                __fpclassifyd
 .text._sbrk_r  0x0000000000005994       0x20 /usr/bin/../lib/gcc/arm-none-eabi/4.9.3/../../../../arm-none-eabi/lib/armv7e-m/softfp/libc_nano.a(lib_a-sbrkr.o)
                0x0000000000005994                _sbrk_r
 .text.__sccl   0x00000000000059b4       0x64 /usr/bin/../lib/gcc/arm-none-eabi/4.9.3/../../../../arm-none-eabi/lib/armv7e-m/softfp/libc_nano.a(lib_a-sccl.o)
                0x00000000000059b4                __sccl
 .text.setbuf   0x0000000000005a18       0x10 /usr/bin/../lib/gcc/arm-none-eabi/4.9.3/../../../../arm-none-eabi/lib/armv7e-m/softfp/libc_nano.a(lib_a-setbuf.o)
                0x0000000000005a18                setbuf
 .text.setvbuf  0x0000000000005a28      0x110 /usr/bin/../lib/gcc/arm-none-eabi/4.9.3/../../../../arm-none-eabi/lib/armv7e-m/softfp/libc_nano.a(lib_a-setvbuf.o)
                0x0000000000005a28                setvbuf
 .text.nanf     0x0000000000005b38        0x8 /usr/bin/../lib/gcc/arm-none-eabi/4.9.3/../../../../arm-none-eabi/lib/armv7e-m/softfp/libc_nano.a(lib_a-sf_nan.o)
                0x0000000000005b38                nanf
 .text._raise_r
                0x0000000000005b40       0x50 /usr/bin/../lib/gcc/arm-none-eabi/4.9.3/../../../../arm-none-eabi/lib/armv7e-m/softfp/libc_nano.a(lib_a-signal.o)
                0x0000000000005b40                _raise_r
 .text.raise    0x0000000000005b90       0x10 /usr/bin/../lib/gcc/arm-none-eabi/4.9.3/../../../../arm-none-eabi/lib/armv7e-m/softfp/libc_nano.a(lib_a-signal.o)
                0x0000000000005b90                raise
 .text._kill_r  0x0000000000005ba0       0x24 /usr/bin/../lib/gcc/arm-none-eabi/4.9.3/../../../../arm-none-eabi/lib/armv7e-m/softfp/libc_nano.a(lib_a-signalr.o)
                0x0000000000005ba0                _kill_r
 .text._getpid_r
                0x0000000000005bc4        0x4 /usr/bin/../lib/gcc/arm-none-eabi/4.9.3/../../../../arm-none-eabi/lib/armv7e-m/softfp/libc_nano.a(lib_a-signalr.o)
                0x0000000000005bc4                _getpid_r
 .text.sprintf  0x0000000000005bc8       0x48 /usr/bin/../lib/gcc/arm-none-eabi/4.9.3/../../../../arm-none-eabi/lib/armv7e-m/softfp/libc_nano.a(lib_a-sprintf.o)
                0x0000000000005bc8                sprintf
                0x0000000000005bc8                siprintf
 .text.sscanf   0x0000000000005c10       0x54 /usr/bin/../lib/gcc/arm-none-eabi/4.9.3/../../../../arm-none-eabi/lib/armv7e-m/softfp/libc_nano.a(lib_a-sscanf.o)
                0x0000000000005c10                sscanf
                0x0000000000005c10                siscanf
 .text.__sread  0x0000000000005c64       0x22 /usr/bin/../lib/gcc/arm-none-eabi/4.9.3/../../../../arm-none-eabi/lib/armv7e-m/softfp/libc_nano.a(lib_a-stdio.o)
                0x0000000000005c64                __sread
 .text.__seofread
                0x0000000000005c86        0x4 /usr/bin/../lib/gcc/arm-none-eabi/4.9.3/../../../../arm-none-eabi/lib/armv7e-m/softfp/libc_nano.a(lib_a-stdio.o)
                0x0000000000005c86                __seofread
 .text.__swrite
                0x0000000000005c8a       0x38 /usr/bin/../lib/gcc/arm-none-eabi/4.9.3/../../../../arm-none-eabi/lib/armv7e-m/softfp/libc_nano.a(lib_a-stdio.o)
                0x0000000000005c8a                __swrite
 .text.__sseek  0x0000000000005cc2       0x24 /usr/bin/../lib/gcc/arm-none-eabi/4.9.3/../../../../arm-none-eabi/lib/armv7e-m/softfp/libc_nano.a(lib_a-stdio.o)
                0x0000000000005cc2                __sseek
 .text.__sclose
                0x0000000000005ce6        0x8 /usr/bin/../lib/gcc/arm-none-eabi/4.9.3/../../../../arm-none-eabi/lib/armv7e-m/softfp/libc_nano.a(lib_a-stdio.o)
                0x0000000000005ce6                __sclose
 .text          0x0000000000005cee       0x14 /usr/bin/../lib/gcc/arm-none-eabi/4.9.3/../../../../arm-none-eabi/lib/armv7e-m/softfp/libc_nano.a(lib_a-strcmp.o)
                0x0000000000005cee                strcmp
 .text.strlen   0x0000000000005d02       0x10 /usr/bin/../lib/gcc/arm-none-eabi/4.9.3/../../../../arm-none-eabi/lib/armv7e-m/softfp/libc_nano.a(lib_a-strlen.o)
                0x0000000000005d02                strlen
 .text.strncmp  0x0000000000005d12       0x34 /usr/bin/../lib/gcc/arm-none-eabi/4.9.3/../../../../arm-none-eabi/lib/armv7e-m/softfp/libc_nano.a(lib_a-strncmp.o)
                0x0000000000005d12                strncmp
 .text.match    0x0000000000005d46       0x26 /usr/bin/../lib/gcc/arm-none-eabi/4.9.3/../../../../arm-none-eabi/lib/armv7e-m/softfp/libc_nano.a(lib_a-strtod.o)
 .text.sulp     0x0000000000005d6c       0x42 /usr/bin/../lib/gcc/arm-none-eabi/4.9.3/../../../../arm-none-eabi/lib/armv7e-m/softfp/libc_nano.a(lib_a-strtod.o)
 *fill*         0x0000000000005dae        0x2 
 .text._strtod_r
                0x0000000000005db0      0xc28 /usr/bin/../lib/gcc/arm-none-eabi/4.9.3/../../../../arm-none-eabi/lib/armv7e-m/softfp/libc_nano.a(lib_a-strtod.o)
                0x0000000000005db0                _strtod_r
 .text._strtol_r
                0x00000000000069d8      0x10c /usr/bin/../lib/gcc/arm-none-eabi/4.9.3/../../../../arm-none-eabi/lib/armv7e-m/softfp/libc_nano.a(lib_a-strtol.o)
                0x00000000000069d8                _strtol_r
 .text._strtoul_r
                0x0000000000006ae4       0xf8 /usr/bin/../lib/gcc/arm-none-eabi/4.9.3/../../../../arm-none-eabi/lib/armv7e-m/softfp/libc_nano.a(lib_a-strtoul.o)
                0x0000000000006ae4                _strtoul_r
 .text.__submore
                0x0000000000006bdc       0x76 /usr/bin/../lib/gcc/arm-none-eabi/4.9.3/../../../../arm-none-eabi/lib/armv7e-m/softfp/libc_nano.a(lib_a-ungetc.o)
                0x0000000000006bdc                __submore
 *fill*         0x0000000000006c52        0x2 
 .text.__swbuf_r
                0x0000000000006c54       0xa8 /usr/bin/../lib/gcc/arm-none-eabi/4.9.3/../../../../arm-none-eabi/lib/armv7e-m/softfp/libc_nano.a(lib_a-wbuf.o)
                0x0000000000006c54                __swbuf_r
 .text._write_r
                0x0000000000006cfc       0x24 /usr/bin/../lib/gcc/arm-none-eabi/4.9.3/../../../../arm-none-eabi/lib/armv7e-m/softfp/libc_nano.a(lib_a-writer.o)
                0x0000000000006cfc                _write_r
 .text.__swsetup_r
                0x0000000000006d20       0xd8 /usr/bin/../lib/gcc/arm-none-eabi/4.9.3/../../../../arm-none-eabi/lib/armv7e-m/softfp/libc_nano.a(lib_a-wsetup.o)
                0x0000000000006d20                __swsetup_r
 .text.__register_exitproc
                0x0000000000006df8       0xb8 /usr/bin/../lib/gcc/arm-none-eabi/4.9.3/../../../../arm-none-eabi/lib/armv7e-m/softfp/libc_nano.a(lib_a-__atexit.o)
                0x0000000000006df8                __register_exitproc
 .text._close_r
                0x0000000000006eb0       0x20 /usr/bin/../lib/gcc/arm-none-eabi/4.9.3/../../../../arm-none-eabi/lib/armv7e-m/softfp/libc_nano.a(lib_a-closer.o)
                0x0000000000006eb0                _close_r
 .text.quorem   0x0000000000006ed0      0x11a /usr/bin/../lib/gcc/arm-none-eabi/4.9.3/../../../../arm-none-eabi/lib/armv7e-m/softfp/libc_nano.a(lib_a-dtoa.o)
 *fill*         0x0000000000006fea        0x6 
 .text._dtoa_r  0x0000000000006ff0      0xb88 /usr/bin/../lib/gcc/arm-none-eabi/4.9.3/../../../../arm-none-eabi/lib/armv7e-m/softfp/libc_nano.a(lib_a-dtoa.o)
                0x0000000000006ff0                _dtoa_r
 .text.__sflags
                0x0000000000007b78       0x6e /usr/bin/../lib/gcc/arm-none-eabi/4.9.3/../../../../arm-none-eabi/lib/armv7e-m/softfp/libc_nano.a(lib_a-flags.o)
                0x0000000000007b78                __sflags
 *fill*         0x0000000000007be6        0x2 
 .text._fstat_r
                0x0000000000007be8       0x24 /usr/bin/../lib/gcc/arm-none-eabi/4.9.3/../../../../arm-none-eabi/lib/armv7e-m/softfp/libc_nano.a(lib_a-fstatr.o)
                0x0000000000007be8                _fstat_r
 .text.rshift   0x0000000000007c0c       0x6c /usr/bin/../lib/gcc/arm-none-eabi/4.9.3/../../../../arm-none-eabi/lib/armv7e-m/softfp/libc_nano.a(lib_a-gdtoa-gethex.o)
 .text.__hexdig_fun
                0x0000000000007c78       0x2a /usr/bin/../lib/gcc/arm-none-eabi/4.9.3/../../../../arm-none-eabi/lib/armv7e-m/softfp/libc_nano.a(lib_a-gdtoa-gethex.o)
                0x0000000000007c78                __hexdig_fun
 .text.__gethex
                0x0000000000007ca2      0x44a /usr/bin/../lib/gcc/arm-none-eabi/4.9.3/../../../../arm-none-eabi/lib/armv7e-m/softfp/libc_nano.a(lib_a-gdtoa-gethex.o)
                0x0000000000007ca2                __gethex
 .text.L_shift  0x00000000000080ec       0x24 /usr/bin/../lib/gcc/arm-none-eabi/4.9.3/../../../../arm-none-eabi/lib/armv7e-m/softfp/libc_nano.a(lib_a-gdtoa-hexnan.o)
 .text.__hexnan
                0x0000000000008110      0x114 /usr/bin/../lib/gcc/arm-none-eabi/4.9.3/../../../../arm-none-eabi/lib/armv7e-m/softfp/libc_nano.a(lib_a-gdtoa-hexnan.o)
                0x0000000000008110                __hexnan
 .text._isatty_r
                0x0000000000008224       0x20 /usr/bin/../lib/gcc/arm-none-eabi/4.9.3/../../../../arm-none-eabi/lib/armv7e-m/softfp/libc_nano.a(lib_a-isattyr.o)
                0x0000000000008224                _isatty_r
 .text._localeconv_r
                0x0000000000008244        0x8 /usr/bin/../lib/gcc/arm-none-eabi/4.9.3/../../../../arm-none-eabi/lib/armv7e-m/softfp/libc_nano.a(lib_a-locale.o)
                0x0000000000008244                _localeconv_r
 .text._lseek_r
                0x000000000000824c       0x24 /usr/bin/../lib/gcc/arm-none-eabi/4.9.3/../../../../arm-none-eabi/lib/armv7e-m/softfp/libc_nano.a(lib_a-lseekr.o)
                0x000000000000824c                _lseek_r
 .text.memmove  0x0000000000008270       0x36 /usr/bin/../lib/gcc/arm-none-eabi/4.9.3/../../../../arm-none-eabi/lib/armv7e-m/softfp/libc_nano.a(lib_a-memmove.o)
                0x0000000000008270                memmove
 .text._Balloc  0x00000000000082a6       0x6a /usr/bin/../lib/gcc/arm-none-eabi/4.9.3/../../../../arm-none-eabi/lib/armv7e-m/softfp/libc_nano.a(lib_a-mprec.o)
                0x00000000000082a6                _Balloc
 .text._Bfree   0x0000000000008310       0x2e /usr/bin/../lib/gcc/arm-none-eabi/4.9.3/../../../../arm-none-eabi/lib/armv7e-m/softfp/libc_nano.a(lib_a-mprec.o)
                0x0000000000008310                _Bfree
 .text.__multadd
                0x000000000000833e       0x7c /usr/bin/../lib/gcc/arm-none-eabi/4.9.3/../../../../arm-none-eabi/lib/armv7e-m/softfp/libc_nano.a(lib_a-mprec.o)
                0x000000000000833e                __multadd
 .text.__s2b    0x00000000000083ba       0x80 /usr/bin/../lib/gcc/arm-none-eabi/4.9.3/../../../../arm-none-eabi/lib/armv7e-m/softfp/libc_nano.a(lib_a-mprec.o)
                0x00000000000083ba                __s2b
 .text.__hi0bits
                0x000000000000843a       0x40 /usr/bin/../lib/gcc/arm-none-eabi/4.9.3/../../../../arm-none-eabi/lib/armv7e-m/softfp/libc_nano.a(lib_a-mprec.o)
                0x000000000000843a                __hi0bits
 .text.__lo0bits
                0x000000000000847a       0x5a /usr/bin/../lib/gcc/arm-none-eabi/4.9.3/../../../../arm-none-eabi/lib/armv7e-m/softfp/libc_nano.a(lib_a-mprec.o)
                0x000000000000847a                __lo0bits
 .text.__i2b    0x00000000000084d4       0x12 /usr/bin/../lib/gcc/arm-none-eabi/4.9.3/../../../../arm-none-eabi/lib/armv7e-m/softfp/libc_nano.a(lib_a-mprec.o)
                0x00000000000084d4                __i2b
 .text.__multiply
                0x00000000000084e6      0x122 /usr/bin/../lib/gcc/arm-none-eabi/4.9.3/../../../../arm-none-eabi/lib/armv7e-m/softfp/libc_nano.a(lib_a-mprec.o)
                0x00000000000084e6                __multiply
 .text.__pow5mult
                0x0000000000008608       0x9c /usr/bin/../lib/gcc/arm-none-eabi/4.9.3/../../../../arm-none-eabi/lib/armv7e-m/softfp/libc_nano.a(lib_a-mprec.o)
                0x0000000000008608                __pow5mult
 .text.__lshift
                0x00000000000086a4       0xa6 /usr/bin/../lib/gcc/arm-none-eabi/4.9.3/../../../../arm-none-eabi/lib/armv7e-m/softfp/libc_nano.a(lib_a-mprec.o)
                0x00000000000086a4                __lshift
 .text.__mcmp   0x000000000000874a       0x38 /usr/bin/../lib/gcc/arm-none-eabi/4.9.3/../../../../arm-none-eabi/lib/armv7e-m/softfp/libc_nano.a(lib_a-mprec.o)
                0x000000000000874a                __mcmp
 .text.__mdiff  0x0000000000008782       0xbe /usr/bin/../lib/gcc/arm-none-eabi/4.9.3/../../../../arm-none-eabi/lib/armv7e-m/softfp/libc_nano.a(lib_a-mprec.o)
                0x0000000000008782                __mdiff
 .text.__ulp    0x0000000000008840       0x48 /usr/bin/../lib/gcc/arm-none-eabi/4.9.3/../../../../arm-none-eabi/lib/armv7e-m/softfp/libc_nano.a(lib_a-mprec.o)
                0x0000000000008840                __ulp
 .text.__b2d    0x0000000000008888       0x9e /usr/bin/../lib/gcc/arm-none-eabi/4.9.3/../../../../arm-none-eabi/lib/armv7e-m/softfp/libc_nano.a(lib_a-mprec.o)
                0x0000000000008888                __b2d
 .text.__d2b    0x0000000000008926       0xa4 /usr/bin/../lib/gcc/arm-none-eabi/4.9.3/../../../../arm-none-eabi/lib/armv7e-m/softfp/libc_nano.a(lib_a-mprec.o)
                0x0000000000008926                __d2b
 .text.__ratio  0x00000000000089ca       0x52 /usr/bin/../lib/gcc/arm-none-eabi/4.9.3/../../../../arm-none-eabi/lib/armv7e-m/softfp/libc_nano.a(lib_a-mprec.o)
                0x00000000000089ca                __ratio
 .text.__copybits
                0x0000000000008a1c       0x34 /usr/bin/../lib/gcc/arm-none-eabi/4.9.3/../../../../arm-none-eabi/lib/armv7e-m/softfp/libc_nano.a(lib_a-mprec.o)
                0x0000000000008a1c                __copybits
 .text.__any_on
                0x0000000000008a50       0x44 /usr/bin/../lib/gcc/arm-none-eabi/4.9.3/../../../../arm-none-eabi/lib/armv7e-m/softfp/libc_nano.a(lib_a-mprec.o)
                0x0000000000008a50                __any_on
 .text._realloc_r
                0x0000000000008a94       0x4c /usr/bin/../lib/gcc/arm-none-eabi/4.9.3/../../../../arm-none-eabi/lib/armv7e-m/softfp/libc_nano.a(lib_a-nano-reallocr.o)
                0x0000000000008a94                _realloc_r
 .text.__ssputs_r
                0x0000000000008ae0       0xb2 /usr/bin/../lib/gcc/arm-none-eabi/4.9.3/../../../../arm-none-eabi/lib/armv7e-m/softfp/libc_nano.a(lib_a-nano-svfprintf.o)
                0x0000000000008ae0                __ssputs_r
 *fill*         0x0000000000008b92        0x2 
 .text._svfprintf_r
                0x0000000000008b94      0x1e4 /usr/bin/../lib/gcc/arm-none-eabi/4.9.3/../../../../arm-none-eabi/lib/armv7e-m/softfp/libc_nano.a(lib_a-nano-svfprintf.o)
                0x0000000000008b94                _svfprintf_r
                0x0000000000008b94                _svfiprintf_r
 .text._sungetc_r
                0x0000000000008d78       0x7a /usr/bin/../lib/gcc/arm-none-eabi/4.9.3/../../../../arm-none-eabi/lib/armv7e-m/softfp/libc_nano.a(lib_a-nano-svfscanf.o)
                0x0000000000008d78                _sungetc_r
 .text.__ssrefill_r
                0x0000000000008df2       0x3a /usr/bin/../lib/gcc/arm-none-eabi/4.9.3/../../../../arm-none-eabi/lib/armv7e-m/softfp/libc_nano.a(lib_a-nano-svfscanf.o)
                0x0000000000008df2                __ssrefill_r
 .text.__ssvfscanf_r
                0x0000000000008e2c      0x29c /usr/bin/../lib/gcc/arm-none-eabi/4.9.3/../../../../arm-none-eabi/lib/armv7e-m/softfp/libc_nano.a(lib_a-nano-svfscanf.o)
                0x0000000000008e2c                __ssvfscanf_r
                0x0000000000008e2c                __ssvfiscanf_r
 .text._read_r  0x00000000000090c8       0x24 /usr/bin/../lib/gcc/arm-none-eabi/4.9.3/../../../../arm-none-eabi/lib/armv7e-m/softfp/libc_nano.a(lib_a-readr.o)
                0x00000000000090c8                _read_r
 .text._malloc_usable_size_r
                0x00000000000090ec       0x14 /usr/bin/../lib/gcc/arm-none-eabi/4.9.3/../../../../arm-none-eabi/lib/armv7e-m/softfp/libc_nano.a(lib_a-nano-msizer.o)
                0x00000000000090ec                _malloc_usable_size_r
 .text          0x0000000000009100      0x370 /usr/bin/../lib/gcc/arm-none-eabi/4.9.3/armv7e-m/softfp/libgcc.a(_arm_addsubdf3.o)
                0x0000000000009100                __aeabi_drsub
                0x0000000000009108                __aeabi_dsub
                0x0000000000009108                __subdf3
                0x000000000000910c                __adddf3
                0x000000000000910c                __aeabi_dadd
                0x0000000000009384                __aeabi_ui2d
                0x0000000000009384                __floatunsidf
                0x00000000000093a4                __floatsidf
                0x00000000000093a4                __aeabi_i2d
                0x00000000000093c8                __extendsfdf2
                0x00000000000093c8                __aeabi_f2d
                0x0000000000009404                __aeabi_ul2d
                0x0000000000009404                __floatundidf
                0x0000000000009414                __floatdidf
                0x0000000000009414                __aeabi_l2d
 .text          0x0000000000009470      0x424 /usr/bin/../lib/gcc/arm-none-eabi/4.9.3/armv7e-m/softfp/libgcc.a(_arm_muldivdf3.o)
                0x0000000000009470                __aeabi_dmul
                0x0000000000009470                __muldf3
                0x00000000000096c4                __aeabi_ddiv
                0x00000000000096c4                __divdf3
 .text          0x0000000000009894      0x110 /usr/bin/../lib/gcc/arm-none-eabi/4.9.3/armv7e-m/softfp/libgcc.a(_arm_cmpdf2.o)
                0x0000000000009894                __gtdf2
                0x0000000000009894                __gedf2
                0x000000000000989c                __ltdf2
                0x000000000000989c                __ledf2
                0x00000000000098a4                __cmpdf2
                0x00000000000098a4                __eqdf2
                0x00000000000098a4                __nedf2
                0x0000000000009920                __aeabi_cdrcmple
                0x0000000000009930                __aeabi_cdcmple
                0x0000000000009930                __aeabi_cdcmpeq
                0x0000000000009940                __aeabi_dcmpeq
                0x0000000000009954                __aeabi_dcmplt
                0x0000000000009968                __aeabi_dcmple
                0x000000000000997c                __aeabi_dcmpge
                0x0000000000009990                __aeabi_dcmpgt
 .text          0x00000000000099a4       0x50 /usr/bin/../lib/gcc/arm-none-eabi/4.9.3/armv7e-m/softfp/libgcc.a(_arm_fixdfsi.o)
                0x00000000000099a4                __fixdfsi
                0x00000000000099a4                __aeabi_d2iz
 .text          0x00000000000099f4       0x40 /usr/bin/../lib/gcc/arm-none-eabi/4.9.3/armv7e-m/softfp/libgcc.a(_arm_fixunsdfsi.o)
                0x00000000000099f4                __fixunsdfsi
                0x00000000000099f4                __aeabi_d2uiz
 .text          0x0000000000009a34       0xa0 /usr/bin/../lib/gcc/arm-none-eabi/4.9.3/armv7e-m/softfp/libgcc.a(_arm_truncdfsf2.o)
                0x0000000000009a34                __aeabi_d2f
                0x0000000000009a34                __truncdfsf2
 .text._getpid  0x0000000000009ad4       0x10 /usr/bin/../lib/gcc/arm-none-eabi/4.9.3/../../../../arm-none-eabi/lib/armv7e-m/softfp/libnosys.a(getpid.o)
                0x0000000000009ad4                _getpid
 .text._kill    0x0000000000009ae4       0x10 /usr/bin/../lib/gcc/arm-none-eabi/4.9.3/../../../../arm-none-eabi/lib/armv7e-m/softfp/libnosys.a(kill.o)
                0x0000000000009ae4                _kill
 .text._exit    0x0000000000009af4        0x4 /usr/bin/../lib/gcc/arm-none-eabi/4.9.3/../../../../arm-none-eabi/lib/armv7e-m/softfp/libnosys.a(_exit.o)
                0x0000000000009af4                _exit
 *(.init)
 .init          0x0000000000009af8        0x4 /usr/bin/../lib/gcc/arm-none-eabi/4.9.3/armv7e-m/softfp/crti.o
                0x0000000000009af8                _init
 .init          0x0000000000009afc        0x8 /usr/bin/../lib/gcc/arm-none-eabi/4.9.3/armv7e-m/softfp/crtn.o
 *(.fini)
 .fini          0x0000000000009b04        0x4 /usr/bin/../lib/gcc/arm-none-eabi/4.9.3/armv7e-m/softfp/crti.o
                0x0000000000009b04                _fini
 .fini          0x0000000000009b08        0x8 /usr/bin/../lib/gcc/arm-none-eabi/4.9.3/armv7e-m/softfp/crtn.o
 *crtbegin.o(.ctors)
 *crtbegin?.o(.ctors)
 *(EXCLUDE_FILE(*crtend.o *crtend?.o) .ctors)
 *(SORT(.ctors.*))
 *(.ctors)
 *crtbegin.o(.dtors)
 *crtbegin?.o(.dtors)
 *(EXCLUDE_FILE(*crtend.o *crtend?.o) .dtors)
 *(SORT(.dtors.*))
 *(.dtors)
 *(.rodata*)
 .rodata.os_maxtaskrun
                0x0000000000009b10        0x2 mbed-rtos/rtx/TARGET_CORTEX_M/RTX_Conf_CM.o
                0x0000000000009b10                os_maxtaskrun
 .rodata.os_flags
                0x0000000000009b12        0x1 mbed-rtos/rtx/TARGET_CORTEX_M/RTX_Conf_CM.o
                0x0000000000009b12                os_flags
 *fill*         0x0000000000009b13        0x1 
 .rodata.os_clockrate
                0x0000000000009b14        0x4 mbed-rtos/rtx/TARGET_CORTEX_M/RTX_Conf_CM.o
                0x0000000000009b14                os_clockrate
 .rodata.idle_task_stack_size
                0x0000000000009b18        0x2 mbed-rtos/rtx/TARGET_CORTEX_M/RTX_Conf_CM.o
                0x0000000000009b18                idle_task_stack_size
 .rodata.os_fifo_size
                0x0000000000009b1a        0x1 mbed-rtos/rtx/TARGET_CORTEX_M/RTX_Conf_CM.o
                0x0000000000009b1a                os_fifo_size
 *fill*         0x0000000000009b1b        0x1 
 .rodata.os_trv